C51 COMPILER V9.51   MAIN                                                                  07/01/2017 10:29:04 PAGE 1   


C51 COMPILER V9.51, COMPILATION OF MODULE MAIN
OBJECT MODULE PLACED IN .\hex\main.obj
COMPILER INVOKED BY: C:\Keil\C51\BIN\C51.EXE main.c ROM(COMPACT) BROWSE DEBUG OBJECTEXTEND PRINT(.\lst\main.lst) TABS(2)
                    - OBJECT(.\hex\main.obj)

line level    source

   1          #ifndef _MAIN_C_
   2          #define _MAIN_C_
   3          
   4          /*********************************************************************************************************
             -************/
   5          #include "ca51f_config.h"
   6          #if (IC_TYPE == IC_TYPE_CA51F2X)
              #include "../../includes/ca51f2sfr.h"
              #include "../../includes/ca51f2xsfr.h"
              #include "../../includes/gpiodef_f2.h"
              #elif (IC_TYPE == IC_TYPE_CA51F3X)
  11          #include "../../includes/ca51f3sfr.h"
  12          #include "../../includes/ca51f3xsfr.h"
  13          #include "../../includes/gpiodef_f3.h"
  14          #endif
  15          #include "../../includes/system.h"
  16          #include "../../Library/includes/uart.h"
  17          #include "poweroff_memory.h"
  18          #include <intrins.h>
  19          
  20          void main(void)
  21          {
  22   1      #ifdef UART0_EN
  23   1        Uart0_Initial(UART0_BAUTRATE);
  24   1      #endif
  25   1      #ifdef UART1_EN
                Uart1_Initial(UART1_BAUTRATE);
              #endif
  28   1      #ifdef UART2_EN
                Uart2_Initial(UART2_BAUTRATE);
              #endif
  31   1      
  32   1        EA = 1;
  33   1      
  34   1      #ifdef PRINT_EN
  35   1        uart_printf("Power off memory example!\n");
  36   1      #endif
  37   1        
  38   1        PoweroffMemory_MainLoop();
  39   1        while(1);
  40   1      }
  41          #endif


MODULE INFORMATION:   STATIC OVERLAYABLE
   CODE SIZE        =     27    ----
   CONSTANT SIZE    =     27    ----
   XDATA SIZE       =   ----    ----
   PDATA SIZE       =   ----    ----
   DATA SIZE        =   ----    ----
   IDATA SIZE       =   ----    ----
   BIT SIZE         =   ----    ----
END OF MODULE INFORMATION.


C51 COMPILATION COMPLETE.  0 WARNING(S),  0 ERROR(S)
