C51 COMPILER V9.51   RTC                                                                   07/06/2017 20:06:25 PAGE 1   


C51 COMPILER V9.51, COMPILATION OF MODULE RTC
OBJECT MODULE PLACED IN .\hex\rtc.obj
COMPILER INVOKED BY: C:\Keil\C51\BIN\C51.EXE ..\..\Library\Sources\rtc.c ROM(COMPACT) BROWSE DEBUG OBJECTEXTEND PRINT(.\
                    -lst\rtc.lst) TABS(2) OBJECT(.\hex\rtc.obj)

line level    source

   1          #ifndef _RTC_C_
   2          #define _RTC_C_
   3          /*********************************************************************************************************
             -************/
   4          #include "ca51f_config.h"
   5          #if (IC_TYPE == IC_TYPE_CA51F2X)
   6          #include "../../includes/ca51f2sfr.h"
   7          #include "../../includes/ca51f2xsfr.h"
   8          #include "../../includes/gpiodef_f2.h"
   9          #elif (IC_TYPE == IC_TYPE_CA51F3X)
              #include "../../includes/ca51f3sfr.h"
              #include "../../includes/ca51f3xsfr.h"
              #include "../../includes/gpiodef_f3.h"
              #endif
  14          #include "../../includes/system.h"
  15          #include "../../Library/includes/rtc.h"
  16          #include "../../Library/includes/delay.h"
  17          #include <intrins.h>
  18          /*********************************************************************************************************
             -************/
  19          /***********************************************************************************
  20          函数名：    RTC_init
  21          功能说明： 初始化RTC控制寄存器
  22          输入参数： rtce   RTC功能模块使能控制
  23                      mse   RTC毫秒中断使能控制
  24                      hse   RTC半秒中断使能控制
  25          返回值：  无
  26          ***********************************************************************************/                                            
             -            
  27          void RTC_init(RTCE_TypeDef rtce,MSE_TypeDef mse,HSE_TypeDef hse)
  28          { 
  29   1        RTCON = (RTCON & 0x1F) | RTCE(rtce) | MSE(mse) | HSE(hse);
  30   1      }
  31          
  32          /***********************************************************************************
  33          函数名：    RTC_WriteSecond
  34          功能说明： RTC写入秒值
  35          输入参数： second   秒值
  36          返回值：    无
  37          ***********************************************************************************/  
  38          void RTC_WriteSecond(unsigned char second) //second = 0~59
  39          {
  40   1        RTCON |= RTCWE(1);
  41   1        RTCS = second;
  42   1        Delay_50us(1);
  43   1        RTCON &= ~RTCWE(1);   
  44   1      }
  45          
  46          /***********************************************************************************
  47          函数名：    RTC_WriteMinute
  48          功能说明： RTC写入分值
  49          输入参数： minute   分值
  50          返回值：    无
  51          ***********************************************************************************/  
C51 COMPILER V9.51   RTC                                                                   07/06/2017 20:06:25 PAGE 2   

  52          void RTC_WriteMinute(unsigned char minute) //minute = 0~59
  53          {
  54   1        RTCON |= RTCWE(1);
  55   1        RTCM = minute;
  56   1        Delay_50us(1);
  57   1        RTCON &= ~RTCWE(1);
  58   1      }
  59          
  60          
  61          /***********************************************************************************
  62          函数名：    RTC_WriteHour
  63          功能说明： RTC写入小时
  64          输入参数： hour   小时值
  65          返回值：    无
  66          ***********************************************************************************/
  67          void RTC_WriteHour(unsigned char hour)  //hour = 0~23
  68          {
  69   1        RTCON |= RTCWE(1);
  70   1        RTCH = (RTCH&0xE0)|hour;
  71   1        Delay_50us(1);
  72   1        RTCON &= ~RTCWE(1);   
  73   1      }
  74          
  75          
  76          /***********************************************************************************
  77          函数名：    RTC_WriteWeek
  78          功能说明： RTC写入星期
  79          输入参数： week   星期值
  80          返回值：    无
  81          ***********************************************************************************/
  82          void RTC_WriteWeek(unsigned char week) //hour = 1~7代表星期一~星期天
  83          {
  84   1        RTCON |= RTCWE(1);
  85   1        RTCH = (RTCH&0x1F)|(week<<5);
  86   1        Delay_50us(1);
  87   1        RTCON &= ~RTCWE(1);   
  88   1      }
  89          
  90          
  91          /***********************************************************************************
  92          函数名：    RTC_AlarmCfg
  93          功能说明： 配置RTC ALARM功能寄存器位
  94          输入参数： hce    小时比较使能控制
  95                      mce   分钟比较使能控制
  96                      sce   秒比较使能控制
  97          返回值：    无
  98          ***********************************************************************************/
  99          void RTC_AlarmCfg(HCE_TypeDef hce,MCE_TypeDef mce,SCE_TypeDef sce)
 100          { 
 101   1        RTCON = (RTCON & 0xE3) | HCE(hce) | MCE(mce) | SCE(sce);
 102   1      }
 103          
 104          /***********************************************************************************
 105          函数名：    RTC_SetAlaramTime
 106          功能说明：  设置RTC ALARM时间
 107          输入参数：  al_hr   闹钟小时值
 108                      al_min    闹钟分钟值
 109                      al_sec    闹钟秒值
 110          返回值：    无
 111          ***********************************************************************************/
 112          void RTC_SetAlaramTime(unsigned char al_hr,unsigned char al_min,unsigned char al_sec)
 113          {
C51 COMPILER V9.51   RTC                                                                   07/06/2017 20:06:25 PAGE 3   

 114   1        RTAH  = al_hr;
 115   1        RTAM  = al_min;
 116   1        RTAS  = al_sec;
 117   1      }
 118          
 119          /***********************************************************************************
 120          函数名：    RTC_SetRTMSS
 121          功能说明：  设置毫秒中断间隔
 122          输入参数：  rtmss   
 123          返回值：    无
 124          ***********************************************************************************/
 125          void RTC_SetRTMSS(unsigned char rtmss)
 126          {
 127   1        RTMSS = rtmss;
 128   1      }
 129          
 130          /*********************************************************************************************************
             -************/
 131          #endif


MODULE INFORMATION:   STATIC OVERLAYABLE
   CODE SIZE        =    149    ----
   CONSTANT SIZE    =   ----    ----
   XDATA SIZE       =   ----    ----
   PDATA SIZE       =   ----    ----
   DATA SIZE        =   ----    ----
   IDATA SIZE       =   ----    ----
   BIT SIZE         =   ----    ----
END OF MODULE INFORMATION.


C51 COMPILATION COMPLETE.  0 WARNING(S),  0 ERROR(S)
