BL51 BANKED LINKER/LOCATER V6.22                                                        07/24/2018  11:06:17  PAGE 1


BL51 BANKED LINKER/LOCATER V6.22, INVOKED BY:
E:\KEIL\C51\BIN\BL51.EXE .\Output\main.obj, .\Output\app_task.obj, .\Output\adc_key.obj, .\Output\bluetooth_control.obj,
>>  .\Output\isr.obj, .\Output\led_control.obj, .\Output\pll_i2c.obj, .\Output\RDA5807.obj, .\Output\STARTUP.obj, .\Outp
>> ut\system_clock.obj, .\Output\wdt.obj, .\Output\uart.obj, .\Output\pwm.obj, .\Output\adc.obj, .\Output\stop_idle.obj,
>>  .\Output\delay.obj, .\Output\lcd_led.obj, .\Output\timer.obj, .\Output\exint.obj, .\Output\rtc.obj, .\Output\ts_api.
>> obj, .\Output\ts_sevice.obj, .\Output\key.obj TO .\Output\DCM0502C PRINT (.\Lis\DCM0502C.m51) RAMSIZE (256) CODE (0X0
>> 000-0X7FFF) XDATA (0X0000-0X0FFF)


MEMORY MODEL: LARGE


INPUT MODULES INCLUDED:
  .\Output\main.obj (MAIN)
  .\Output\app_task.obj (APP_TASK)
  .\Output\adc_key.obj (ADC_KEY)
  .\Output\bluetooth_control.obj (BLUETOOTH_CONTROL)
  .\Output\isr.obj (ISR)
  .\Output\led_control.obj (LED_CONTROL)
  .\Output\pll_i2c.obj (PLL_I2C)
  .\Output\RDA5807.obj (RDA5807)
  .\Output\STARTUP.obj (?C_STARTUP)
  .\Output\system_clock.obj (SYSTEM_CLOCK)
  .\Output\wdt.obj (WDT)
  .\Output\uart.obj (UART)
  .\Output\pwm.obj (PWM)
  .\Output\adc.obj (ADC)
  .\Output\stop_idle.obj (STOP_IDLE)
  .\Output\delay.obj (DELAY)
  .\Output\lcd_led.obj (LCD_LED)
  .\Output\timer.obj (TIMER)
  .\Output\exint.obj (EXINT)
  .\Output\rtc.obj (RTC)
  .\Output\ts_api.obj (TS_API)
  .\Output\ts_sevice.obj (TS_SEVICE)
  .\Output\key.obj (KEY)
  E:\KEIL\C51\LIB\C51L.LIB (?C_INIT)
  E:\KEIL\C51\LIB\C51L.LIB (?C?COPY)
  E:\KEIL\C51\LIB\C51L.LIB (?C?CLDPTR)
  E:\KEIL\C51\LIB\C51L.LIB (?C?CILDPTR)
  E:\KEIL\C51\LIB\C51L.LIB (?C?CSTPTR)
  E:\KEIL\C51\LIB\C51L.LIB (?C?IMUL)
  E:\KEIL\C51\LIB\C51L.LIB (?C?UIDIV)
  E:\KEIL\C51\LIB\C51L.LIB (?C?IILDX)
  E:\KEIL\C51\LIB\C51L.LIB (?C?ILDIX)
  E:\KEIL\C51\LIB\C51L.LIB (?C?ILDPTR)
  E:\KEIL\C51\LIB\C51L.LIB (?C?ILDOPTR)
  E:\KEIL\C51\LIB\C51L.LIB (?C?ISTPTR)
  E:\KEIL\C51\LIB\C51L.LIB (?C?LMUL)
  E:\KEIL\C51\LIB\C51L.LIB (?C?ULDIV)
  E:\KEIL\C51\LIB\C51L.LIB (?C?LNOT)
  E:\KEIL\C51\LIB\C51L.LIB (?C?LLDCODE)
  E:\KEIL\C51\LIB\C51L.LIB (?C?LSTXDATA)
  E:\KEIL\C51\LIB\C51L.LIB (?C?LSTKXDATA)
  E:\KEIL\C51\LIB\C51L.LIB (?C?OFFXADD)
  E:\KEIL\C51\LIB\C51L.LIB (?C?MEMCMP)
  E:\KEIL\C51\LIB\C51L.LIB (VSPRINTF)
  E:\KEIL\C51\LIB\C51L.LIB (PRINTF)
BL51 BANKED LINKER/LOCATER V6.22                                                      07/24/2018  11:06:17  PAGE 2


  E:\KEIL\C51\LIB\C51L.LIB (?C?CLDOPTR)
  E:\KEIL\C51\LIB\C51L.LIB (?C?PLDIXDATA)
  E:\KEIL\C51\LIB\C51L.LIB (?C?PSTXDATA)
  E:\KEIL\C51\LIB\C51L.LIB (?C?CCASE)
  E:\KEIL\C51\LIB\C51L.LIB (PUTCHAR)


LINK MAP OF MODULE:  .\Output\DCM0502C (MAIN)


            TYPE    BASE      LENGTH    RELOCATION   SEGMENT NAME
            -----------------------------------------------------

            * * * * * * *   D A T A   M E M O R Y   * * * * * * *
            REG     0000H     0008H     ABSOLUTE     "REG BANK 0"
            DATA    0008H     0005H     UNIT         ?DT?PRINTF?PRINTF
            DATA    000DH     0002H     UNIT         _DATA_GROUP_
            IDATA   000FH     000AH     UNIT         _IDATA_GROUP_
            IDATA   0019H     0002H     UNIT         ?ID?TS_SEVICE
                    001BH     0005H                  *** GAP ***
            BIT     0020H.0   0001H.1   UNIT         ?BI?PRINTF?PRINTF
            BIT     0021H.1   0000H.2   UNIT         ?BI?TS_SEVICE
            BIT     0021H.3   0000H.1   UNIT         ?BI?SYSTEM_CLOCK
            BIT     0021H.4   0000H.1   UNIT         ?BI?UART
            BIT     0021H.5   0000H.1   UNIT         ?BI?KEY
                    0021H.6   0000H.2                *** GAP ***
            IDATA   0022H     0001H     UNIT         ?STACK

            * * * * * * *  X D A T A   M E M O R Y  * * * * * * *
            XDATA   0000H     012EH     UNIT         ?XD?_UART_PRINTF?UART
            XDATA   012EH     007CH     UNIT         ?XD?UART
            XDATA   01AAH     0072H     UNIT         ?XD?APP_TASK
            XDATA   021CH     002CH     UNIT         ?XD?TS_SEVICE
            XDATA   0248H     0028H     UNIT         ?XD?PRINTF?PRINTF
            XDATA   0270H     0026H     UNIT         _XDATA_GROUP_
            XDATA   0296H     0021H     UNIT         ?XD?LED_CONTROL
            XDATA   02B7H     0018H     UNIT         ?XD?ADC_KEY
            XDATA   02CFH     0012H     UNIT         ?XD?BLUETOOTH_CONTROL
            XDATA   02E1H     000CH     UNIT         ?XD?RDA5807_SEEK_CHANNEL?RDA5807
            XDATA   02EDH     0008H     UNIT         ?XD?RDA5807
            XDATA   02F5H     0007H     UNIT         ?XD?KEY
            XDATA   02FCH     0006H     UNIT         ?XD?_PWM_INTERRUPTCFG?PWM
            XDATA   0302H     0006H     UNIT         ?XD?_LCD_INIT?LCD_LED
            XDATA   0308H     0006H     UNIT         ?XD?_VSPRINTF?VSPRINTF
            XDATA   030EH     0005H     UNIT         ?XD?TS_API
            XDATA   0313H     0005H     UNIT         ?XD?_TS_GETTOGKEYINFOR?KEY
            XDATA   0318H     0003H     UNIT         ?XD?_RDA5807_WRITE_REG?RDA5807
            XDATA   031BH     0003H     UNIT         ?XD?_RDA5807_READ_REG?RDA5807
            XDATA   031EH     0003H     UNIT         ?XD?_UARTPUTSTR?UART
            XDATA   0321H     0003H     UNIT         ?XD?TS_GETKEY?KEY
            XDATA   0324H     0002H     UNIT         ?XD?MAIN
            XDATA   0326H     0001H     UNIT         ?XD?ISR
                    0327H     7CD9H                  *** GAP ***
            XDATA   8000H     0001H     ABSOLUTE     
            XDATA   8001H     0001H     ABSOLUTE     
            XDATA   8002H     0001H     ABSOLUTE     
            XDATA   8003H     0001H     ABSOLUTE     
BL51 BANKED LINKER/LOCATER V6.22                                                      07/24/2018  11:06:17  PAGE 3


            XDATA   8004H     0001H     ABSOLUTE     
            XDATA   8005H     0001H     ABSOLUTE     
            XDATA   8006H     0001H     ABSOLUTE     
            XDATA   8007H     0001H     ABSOLUTE     
            XDATA   8008H     0001H     ABSOLUTE     
            XDATA   8009H     0001H     ABSOLUTE     
            XDATA   800AH     0001H     ABSOLUTE     
            XDATA   800BH     0001H     ABSOLUTE     
            XDATA   800CH     0001H     ABSOLUTE     
            XDATA   800DH     0001H     ABSOLUTE     
            XDATA   800EH     0001H     ABSOLUTE     
            XDATA   800FH     0001H     ABSOLUTE     
            XDATA   8010H     0001H     ABSOLUTE     
            XDATA   8011H     0001H     ABSOLUTE     
                    8012H     0006H                  *** GAP ***
            XDATA   8018H     0001H     ABSOLUTE     
            XDATA   8019H     0001H     ABSOLUTE     
            XDATA   801AH     0001H     ABSOLUTE     
            XDATA   801BH     0001H     ABSOLUTE     
            XDATA   801CH     0001H     ABSOLUTE     
            XDATA   801DH     0001H     ABSOLUTE     
            XDATA   801EH     0001H     ABSOLUTE     
            XDATA   801FH     0001H     ABSOLUTE     
            XDATA   8020H     0001H     ABSOLUTE     
            XDATA   8021H     0001H     ABSOLUTE     
                    8022H     00DEH                  *** GAP ***
            XDATA   8100H     0001H     ABSOLUTE     
            XDATA   8101H     0001H     ABSOLUTE     
                    8102H     7AFEH                  *** GAP ***
            XDATA   FC00H     0001H     ABSOLUTE     
            XDATA   FC01H     0001H     ABSOLUTE     
            XDATA   FC02H     0001H     ABSOLUTE     
            XDATA   FC03H     0001H     ABSOLUTE     
            XDATA   FC04H     0001H     ABSOLUTE     
            XDATA   FC05H     0001H     ABSOLUTE     
            XDATA   FC06H     0001H     ABSOLUTE     

            * * * * * * *   C O D E   M E M O R Y   * * * * * * *
            CODE    0000H     0003H     ABSOLUTE     
            CODE    0003H     0003H     ABSOLUTE     
            CODE    0006H     0005H     INBLOCK      ?PR?WAITPWMUPDATECOMPLETE?PWM
            CODE    000BH     0003H     ABSOLUTE     
            CODE    000EH     0015H     INBLOCK      ?PR?_RTC_WRITEHOUR?RTC
            CODE    0023H     0003H     ABSOLUTE     
            CODE    0026H     001BH     INBLOCK      ?PR?SYS_CLK_SET_XOSCL?SYSTEM_CLOCK
            CODE    0041H     0001H     INBLOCK      ?PR?INT0_ISR?ISR
                    0042H     0001H                  *** GAP ***
            CODE    0043H     0003H     ABSOLUTE     
            CODE    0046H     0023H     INBLOCK      ?PR?GETADCVALUE?ADC
                    0069H     0002H                  *** GAP ***
            CODE    006BH     0003H     ABSOLUTE     
            CODE    006EH     05F8H     UNIT         ?C?LIB_CODE
            CODE    0666H     0193H     INBLOCK      ?PR?_LED_COUNT?LED_CONTROL
            CODE    07F9H     0007H     INBLOCK      ?PR?_LED_SEG_DISPLAY?LED_CONTROL
            CODE    0800H     053DH     INBLOCK      ?PR?_SETTIME_LED_DISPLAY?LED_CONTROL
            CODE    0D3DH     01C6H     INBLOCK      ?PR?_FM_FREQ_LED_DISPLAY?LED_CONTROL
            CODE    0F03H     00F4H     UNIT         ?CO?BLUETOOTH_CONTROL
BL51 BANKED LINKER/LOCATER V6.22                                                      07/24/2018  11:06:17  PAGE 4


            CODE    0FF7H     0009H     INBLOCK      ?PR?_TO_RDA5807_INIT?RDA5807
            CODE    1000H     0494H     INBLOCK      ?PR?KEY_SCAN?APP_TASK
            CODE    1494H     0365H     UNIT         ?PR?PRINTF?PRINTF
            CODE    17F9H     0007H     INBLOCK      ?PR?SYS_CLK_SET_IRCH?SYSTEM_CLOCK
            CODE    1800H     0466H     INBLOCK      ?PR?TSKEY_DATADEAL?TS_SEVICE
            CODE    1C66H     02CFH     INBLOCK      ?PR?BT_CMDPROCESS?BLUETOOTH_CONTROL
            CODE    1F35H     00B1H     UNIT         ?CO?APP_TASK
            CODE    1FE6H     0019H     INBLOCK      ?PR?PLL_I2C_STOP?PLL_I2C
                    1FFFH     0001H                  *** GAP ***
            CODE    2000H     01C4H     INBLOCK      ?PR?_ALARM_LED_DISPLAY?LED_CONTROL
            CODE    21C4H     01AFH     INBLOCK      ?PR?MAIN?MAIN
            CODE    2373H     01A3H     INBLOCK      ?PR?TS_GETKEY?KEY
            CODE    2516H     0188H     INBLOCK      ?PR?_LED_DISPLAY?LED_CONTROL
            CODE    269EH     015CH     INBLOCK      ?PR?RTC_ISR?ISR
            CODE    27FAH     0006H     INBLOCK      ?PR?_BT_POWER_CTRL?APP_TASK
            CODE    2800H     014DH     INBLOCK      ?PR?FM_AUTO_SCAN?APP_TASK
            CODE    294DH     0146H     INBLOCK      ?PR?_MCU_SENDCMDTOBT?BLUETOOTH_CONTROL
            CODE    2A93H     0129H     INBLOCK      ?PR?_TS_GETDATAAREA?TS_SEVICE
            CODE    2BBCH     0127H     INBLOCK      ?PR?_FM_CHANNEL_LED_DISPLAY?LED_CONTROL
            CODE    2CE3H     0116H     INBLOCK      ?PR?ADC_KEY_SACN?ADC_KEY
            CODE    2DF9H     0101H     INBLOCK      ?PR?TS_RUNINIT?TS_SEVICE
            CODE    2EFAH     0100H     INBLOCK      ?PR?TIMER0_ISR?ISR
            CODE    2FFAH     0006H     INBLOCK      ?PR?STOPENTER?STOP_IDLE
            CODE    3000H     00FEH     INBLOCK      ?PR?_VOLUME_LED_DISPLAY?LED_CONTROL
            CODE    30FEH     00D7H     UNIT         ?C_INITSEG
            CODE    31D5H     00D3H     INBLOCK      ?PR?TS_ISR?TS_SEVICE
            CODE    32A8H     00B0H     INBLOCK      ?PR?TS_DATAFILTERING?TS_SEVICE
            CODE    3358H     00A3H     INBLOCK      ?PR?_GETMIDVAL?TS_SEVICE
            CODE    33FBH     00A0H     INBLOCK      ?PR?TSKEY_SCAN?APP_TASK
            CODE    349BH     00A0H     UNIT         ?CO?TS_SEVICE
            CODE    353BH     009FH     INBLOCK      ?PR?LED_CIRCLE_SHOW?APP_TASK
            CODE    35DAH     009AH     INBLOCK      ?PR?ENTER_SLEEP_CONF?APP_TASK
            CODE    3674H     0095H     INBLOCK      ?PR?SET_ALARM?APP_TASK
            CODE    3709H     0092H     INBLOCK      ?PR?_TS_GETTOGKEYINFOR?KEY
            CODE    379BH     0065H     INBLOCK      ?PR?_UART0_INITIAL?UART
            CODE    3800H     0090H     INBLOCK      ?PR?QUIT_SLEEP_CONF?APP_TASK
            CODE    3890H     0090H     INBLOCK      ?PR?_TS_AREADEVIATEDETECTION?TS_SEVICE
            CODE    3920H     008DH     INBLOCK      ?PR?_RDA5807_FREQSET?RDA5807
            CODE    39ADH     008CH     UNIT         ?C_C51STARTUP
            CODE    3A39H     0085H     INBLOCK      ?PR?GET_ADC_VALUE?ADC_KEY
            CODE    3ABEH     0083H     INBLOCK      ?PR?__RDA_READ_REG?RDA5807
            CODE    3B41H     0079H     INBLOCK      ?PR?_MCU_RCVBTCMD?BLUETOOTH_CONTROL
            CODE    3BBAH     0076H     INBLOCK      ?PR?POWER_DET?APP_TASK
            CODE    3C30H     006FH     INBLOCK      ?PR?_SET_TIME_DOWN?APP_TASK
            CODE    3C9FH     006FH     INBLOCK      ?PR?RDA5807_SEEK_CHANNEL?RDA5807
            CODE    3D0EH     006FH     INBLOCK      ?PR?_TIMER0_INIT?TIMER
            CODE    3D7DH     006BH     INBLOCK      ?PR?_SET_TIME_UP?APP_TASK
            CODE    3DE8H     0062H     UNIT         ?CO?RDA5807
            CODE    3E4AH     0061H     INBLOCK      ?PR?__RDA_WRITE_REG?RDA5807
            CODE    3EABH     005EH     INBLOCK      ?PR?_SYS_CLK_SET_PLL?SYSTEM_CLOCK
            CODE    3F09H     0059H     INBLOCK      ?PR?FM_CHANNEL_UP?APP_TASK
            CODE    3F62H     0057H     INBLOCK      ?PR?TS_SCANSTART?TS_SEVICE
            CODE    3FB9H     0043H     INBLOCK      ?PR?ALARM_LED_CTRL?APP_TASK
            CODE    3FFCH     0004H     INBLOCK      ?PR?WDT_FEEDDOG?WDT
            CODE    4000H     0055H     INBLOCK      ?PR?_UART_PRINTF?UART
            CODE    4055H     0053H     INBLOCK      ?PR?_RDA5807_READ_REG?RDA5807
            CODE    40A8H     0052H     INBLOCK      ?PR?UART0_ISR?ISR
BL51 BANKED LINKER/LOCATER V6.22                                                      07/24/2018  11:06:17  PAGE 5


            CODE    40FAH     004CH     INBLOCK      ?PR?RDA5807_INIT?RDA5807
            CODE    4146H     004AH     INBLOCK      ?PR?GPIO_CONF?APP_TASK
            CODE    4190H     004AH     UNIT         ?PR?_VSPRINTF?VSPRINTF
            CODE    41DAH     0043H     INBLOCK      ?PR?TS_IO_INIT?TS_SEVICE
            CODE    421DH     0041H     INBLOCK      ?PR?_UART0_SEND_NDATA?APP_TASK
            CODE    425EH     003FH     INBLOCK      ?PR?_LEDW_BRIGHTNESS_CTRL?APP_TASK
            CODE    429DH     003FH     INBLOCK      ?PR?INT3_ISR?ISR
            CODE    42DCH     003CH     INBLOCK      ?PR?_PWM_INIT?PWM
            CODE    4318H     003BH     INBLOCK      ?PR?_RDA5807_WRITE_REG?RDA5807
            CODE    4353H     0039H     INBLOCK      ?PR?GET_ADC_KEY_INDEX?ADC_KEY
            CODE    438CH     0039H     INBLOCK      ?PR?LED_DISPLAY_OFF?LED_CONTROL
            CODE    43C5H     0035H     INBLOCK      ?PR?TS_MS_ISR?TS_SEVICE
            CODE    43FAH     0033H     INBLOCK      ?PR?_UARTPUTSTR?UART
            CODE    442DH     0033H     INBLOCK      ?PR?_PWM_INTERRUPTCFG?PWM
            CODE    4460H     0031H     INBLOCK      ?PR?_RGB_GREEN_DIS?APP_TASK
            CODE    4491H     0031H     INBLOCK      ?PR?_PLL_I2C_WRITE_BYTE?PLL_I2C
            CODE    44C2H     002FH     INBLOCK      ?PR?SYS_PARAMETER_INIT?APP_TASK
            CODE    44F1H     002FH     INBLOCK      ?PR?_LED_INIT?LCD_LED
            CODE    4520H     002EH     INBLOCK      ?PR?_LCD_INIT?LCD_LED
            CODE    454EH     002DH     INBLOCK      ?PR?_TS_AREACONFIRMTIMERSET?TS_SEVICE
            CODE    457BH     002BH     INBLOCK      ?PR?_ADC_INIT?ADC
            CODE    45A6H     002BH     INBLOCK      ?PR?TS_INIT?TS_API
            CODE    45D1H     002AH     INBLOCK      ?PR?RDA5807_AUTO_SEARCH?RDA5807
            CODE    45FBH     0028H     INBLOCK      ?PR?TS_HS_ISR?TS_SEVICE
            CODE    4623H     0027H     INBLOCK      ?PR?FM_CH_CHANGE?APP_TASK
            CODE    464AH     0027H     INBLOCK      ?PR?PLL_I2C_READ_BYTE?PLL_I2C
            CODE    4671H     0027H     UNIT         ?PR?PUTCHAR?PUTCHAR
            CODE    4698H     0026H     INBLOCK      ?PR?_SET_VOLUME?APP_TASK
            CODE    46BEH     0023H     INBLOCK      ?PR?_RTC_INIT?RTC
            CODE    46E1H     0022H     INBLOCK      ?PR?FM_INIT?APP_TASK
            CODE    4703H     0021H     INBLOCK      ?PR?BTCMD_RESEND?BLUETOOTH_CONTROL
            CODE    4724H     0021H     INBLOCK      ?PR?RDA5807_READID?RDA5807
            CODE    4745H     0021H     INBLOCK      ?PR?TS_ACTION?TS_API
            CODE    4766H     0020H     INBLOCK      ?PR?_RTC_ALARMCFG?RTC
            CODE    4786H     001FH     INBLOCK      ?PR?_PLL_I2C_WRITE_NBYTE?PLL_I2C
            CODE    47A5H     001BH     INBLOCK      ?PR?_RTC_WRITEWEEK?RTC
            CODE    47C0H     0019H     INBLOCK      ?PR?PLL_I2C_NOACK?PLL_I2C
            CODE    47D9H     0019H     INBLOCK      ?PR?PLL_I2C_CHECKACK?PLL_I2C
            CODE    47F2H     000EH     INBLOCK      ?PR?CHECKSTOPCONDITION?STOP_IDLE
            CODE    4800H     0018H     INBLOCK      ?PR?PLL_I2C_ACK?PLL_I2C
            CODE    4818H     0016H     INBLOCK      ?PR?PLL_I2C_START?PLL_I2C
            CODE    482EH     0016H     INBLOCK      ?PR?_DELAY_50US?DELAY
            CODE    4844H     0014H     INBLOCK      ?PR?RGB_RED_DIS_OFF?APP_TASK
            CODE    4858H     0014H     INBLOCK      ?PR?_PLL_I2C_READ_NBYTE?PLL_I2C
            CODE    486CH     0014H     UNIT         ?CO?KEY
            CODE    4880H     0013H     UNIT         ?CO?LED_CONTROL
            CODE    4893H     0012H     INBLOCK      ?PR?_DELAY_MS?DELAY
            CODE    48A5H     0011H     INBLOCK      ?PR?_PWM_CFGDIVDUTY?PWM
            CODE    48B6H     0011H     INBLOCK      ?PR?_INT0_INIT?EXINT
            CODE    48C7H     0010H     INBLOCK      ?PR?_WDT_INIT?WDT
            CODE    48D7H     0010H     INBLOCK      ?PR?_RTC_WRITESECOND?RTC
            CODE    48E7H     0010H     INBLOCK      ?PR?_RTC_WRITEMINUTE?RTC
            CODE    48F7H     000EH     INBLOCK      ?PR?CHECKIDLECONDITION?STOP_IDLE
            CODE    4905H     000DH     INBLOCK      ?PR?_LEDW_BRIGHTNESS_CTRL_CIRCLE?APP_TASK
            CODE    4912H     000CH     INBLOCK      ?PR?_DELAY?PLL_I2C
            CODE    491EH     000CH     INBLOCK      ?PR?SYS_CLK_SET_IRCL?SYSTEM_CLOCK
            CODE    492AH     000CH     INBLOCK      ?PR?SYS_CLK_SET_TFRC?SYSTEM_CLOCK
BL51 BANKED LINKER/LOCATER V6.22                                                      07/24/2018  11:06:17  PAGE 6


            CODE    4936H     000BH     INBLOCK      ?PR?_RTC_SETALARAMTIME?RTC
            CODE    4941H     000AH     INBLOCK      ?PR?_UART0_PUTCHAR?UART
            CODE    494BH     000AH     INBLOCK      ?PR?TSKEY_INIT?KEY
            CODE    4955H     0008H     UNIT         ?CO?MAIN
            CODE    495DH     0008H     INBLOCK      ?PR?_ADC_CONFIGCHANNEL?ADC
            CODE    4965H     0007H     INBLOCK      ?PR?_LCD_LED_WRITELRAM?LCD_LED
            CODE    496CH     0006H     INBLOCK      ?PR?IDLEENTER?STOP_IDLE
            CODE    4972H     0005H     INBLOCK      ?PR?_LCD_LED_READLRAM?LCD_LED
            CODE    4977H     0004H     INBLOCK      ?PR?ADC_STARTCONVERSION?ADC
            CODE    497BH     0003H     INBLOCK      ?PR?_SET_ALARM_TIME?APP_TASK
            CODE    497EH     0003H     INBLOCK      ?PR?_PWM_UPDATE?PWM
            CODE    4981H     0003H     INBLOCK      ?PR?_PWM_ENCONTRL?PWM
            CODE    4984H     0003H     INBLOCK      ?PR?_RTC_SETRTMSS?RTC



OVERLAY MAP OF MODULE:   .\Output\DCM0502C (MAIN)


SEGMENT                                            DATA_GROUP          IDATA_GROUP         XDATA_GROUP
  +--> CALLED SEGMENT                            START    LENGTH     START    LENGTH     START    LENGTH
--------------------------------------------------------------------------------------------------------
?PR?UART0_ISR?ISR                                -----    -----      -----    -----      -----    -----
  +--> ?PR?_MCU_RCVBTCMD?BLUETOOTH_CONTROL

*** NEW ROOT ***************************************************

?PR?INT3_ISR?ISR                                 -----    -----      -----    -----      -----    -----
  +--> ?PR?TS_ISR?TS_SEVICE

?PR?TS_ISR?TS_SEVICE                             -----    -----      -----    -----      0270H    000DH
  +--> ?PR?TS_SCANSTART?TS_SEVICE

?PR?TS_SCANSTART?TS_SEVICE                       -----    -----      -----    -----      -----    -----
  +--> ?CO?TS_SEVICE

*** NEW ROOT ***************************************************

?PR?RTC_ISR?ISR                                  -----    -----      -----    -----      -----    -----
  +--> ?PR?TS_MS_ISR?TS_SEVICE
  +--> ?PR?TS_HS_ISR?TS_SEVICE
  +--> ?PR?_FM_FREQ_LED_DISPLAY?LED_CONTROL
  +--> ?PR?_ALARM_LED_DISPLAY?LED_CONTROL
  +--> ?PR?_SETTIME_LED_DISPLAY?LED_CONTROL
  +--> ?PR?_LED_DISPLAY?LED_CONTROL
  +--> ?PR?_LED_COUNT?LED_CONTROL

?PR?_FM_FREQ_LED_DISPLAY?LED_CONTROL             -----    -----      -----    -----      0280H    0001H
  +--> ?CO?LED_CONTROL

?PR?_ALARM_LED_DISPLAY?LED_CONTROL               -----    -----      -----    -----      0280H    0001H
  +--> ?CO?LED_CONTROL

?PR?_SETTIME_LED_DISPLAY?LED_CONTROL             -----    -----      -----    -----      0280H    0002H
  +--> ?CO?LED_CONTROL

?PR?_LED_DISPLAY?LED_CONTROL                     -----    -----      -----    -----      027DH    0001H
BL51 BANKED LINKER/LOCATER V6.22                                                      07/24/2018  11:06:17  PAGE 7


  +--> ?CO?LED_CONTROL

?PR?_LED_COUNT?LED_CONTROL                       -----    -----      -----    -----      027DH    0001H
  +--> ?CO?LED_CONTROL

*** NEW ROOT ***************************************************

?C_C51STARTUP                                    -----    -----      -----    -----      -----    -----
  +--> ?PR?MAIN?MAIN
  +--> ?C_INITSEG

?PR?MAIN?MAIN                                    -----    -----      -----    -----      -----    -----
  +--> ?PR?SYS_CLK_SET_IRCH?SYSTEM_CLOCK
  +--> ?PR?_WDT_INIT?WDT
  +--> ?PR?WDT_FEEDDOG?WDT
  +--> ?PR?GPIO_CONF?APP_TASK
  +--> ?PR?_UART0_INITIAL?UART
  +--> ?PR?_PWM_INIT?PWM
  +--> ?PR?_PWM_CFGDIVDUTY?PWM
  +--> ?PR?_PWM_UPDATE?PWM
  +--> ?PR?WAITPWMUPDATECOMPLETE?PWM
  +--> ?PR?_PWM_ENCONTRL?PWM
  +--> ?PR?_ADC_INIT?ADC
  +--> ?PR?_TIMER0_INIT?TIMER
  +--> ?PR?_INT0_INIT?EXINT
  +--> ?PR?_LED_INIT?LCD_LED
  +--> ?PR?_RTC_INIT?RTC
  +--> ?PR?_RTC_SETRTMSS?RTC
  +--> ?PR?_RTC_SETALARAMTIME?RTC
  +--> ?PR?_RTC_ALARMCFG?RTC
  +--> ?PR?TS_INIT?TS_API
  +--> ?PR?SYS_PARAMETER_INIT?APP_TASK
  +--> ?CO?MAIN
  +--> ?PR?_UART0_SEND_NDATA?APP_TASK
  +--> ?PR?POWER_DET?APP_TASK
  +--> ?PR?LED_DISPLAY_OFF?LED_CONTROL
  +--> ?PR?_BT_POWER_CTRL?APP_TASK
  +--> ?PR?ENTER_SLEEP_CONF?APP_TASK
  +--> ?PR?QUIT_SLEEP_CONF?APP_TASK
  +--> ?PR?TS_ACTION?TS_API
  +--> ?PR?KEY_SCAN?APP_TASK
  +--> ?PR?BTCMD_RESEND?BLUETOOTH_CONTROL
  +--> ?PR?BT_CMDPROCESS?BLUETOOTH_CONTROL
  +--> ?PR?FM_INIT?APP_TASK
  +--> ?PR?FM_AUTO_SCAN?APP_TASK
  +--> ?PR?FM_CH_CHANGE?APP_TASK
  +--> ?PR?SET_ALARM?APP_TASK
  +--> ?PR?ALARM_LED_CTRL?APP_TASK
  +--> ?PR?LED_CIRCLE_SHOW?APP_TASK
  +--> ?PR?_RGB_GREEN_DIS?APP_TASK

?PR?GPIO_CONF?APP_TASK                           -----    -----      -----    -----      -----    -----
  +--> ?PR?_BT_POWER_CTRL?APP_TASK

?PR?_UART0_INITIAL?UART                          -----    -----      -----    -----      027FH    0004H

?PR?_PWM_INIT?PWM                                -----    -----      -----    -----      027FH    0006H
BL51 BANKED LINKER/LOCATER V6.22                                                      07/24/2018  11:06:17  PAGE 8



?PR?_ADC_INIT?ADC                                -----    -----      -----    -----      027FH    0004H

?PR?_TIMER0_INIT?TIMER                           -----    -----      -----    -----      027FH    0006H

?PR?_LED_INIT?LCD_LED                            -----    -----      -----    -----      027FH    0006H

?PR?TS_INIT?TS_API                               -----    -----      -----    -----      -----    -----
  +--> ?PR?TS_IO_INIT?TS_SEVICE

?PR?TS_IO_INIT?TS_SEVICE                         -----    -----      -----    -----      -----    -----
  +--> ?CO?TS_SEVICE

?PR?_UART0_SEND_NDATA?APP_TASK                   -----    -----      -----    -----      0280H    0005H
  +--> ?PR?_UART0_PUTCHAR?UART

?PR?ENTER_SLEEP_CONF?APP_TASK                    -----    -----      -----    -----      -----    -----
  +--> ?PR?SYS_CLK_SET_XOSCL?SYSTEM_CLOCK
  +--> ?PR?_LED_INIT?LCD_LED
  +--> ?PR?_TIMER0_INIT?TIMER

?PR?QUIT_SLEEP_CONF?APP_TASK                     -----    -----      -----    -----      -----    -----
  +--> ?PR?SYS_CLK_SET_IRCH?SYSTEM_CLOCK
  +--> ?PR?_TIMER0_INIT?TIMER
  +--> ?PR?_LED_INIT?LCD_LED
  +--> ?PR?_PWM_ENCONTRL?PWM

?PR?TS_ACTION?TS_API                             -----    -----      -----    -----      -----    -----
  +--> ?PR?TS_RUNINIT?TS_SEVICE
  +--> ?PR?TS_DATAFILTERING?TS_SEVICE
  +--> ?PR?TS_SCANSTART?TS_SEVICE
  +--> ?PR?TSKEY_DATADEAL?TS_SEVICE

?PR?TS_RUNINIT?TS_SEVICE                         -----    -----      -----    -----      027FH    0001H
  +--> ?PR?TS_SCANSTART?TS_SEVICE
  +--> ?PR?_TS_AREACONFIRMTIMERSET?TS_SEVICE

?PR?TS_DATAFILTERING?TS_SEVICE                   -----    -----      -----    -----      027FH    0001H
  +--> ?PR?_GETMIDVAL?TS_SEVICE

?PR?_GETMIDVAL?TS_SEVICE                         -----    -----      000FH    000AH      0280H    0004H

?PR?TSKEY_DATADEAL?TS_SEVICE                     -----    -----      -----    -----      027FH    0005H
  +--> ?CO?TS_SEVICE
  +--> ?PR?_TS_GETDATAAREA?TS_SEVICE
  +--> ?PR?_TS_AREADEVIATEDETECTION?TS_SEVICE
  +--> ?PR?_TS_AREACONFIRMTIMERSET?TS_SEVICE

?PR?_TS_GETDATAAREA?TS_SEVICE                    -----    -----      -----    -----      0284H    0005H
  +--> ?CO?TS_SEVICE

?PR?_TS_AREADEVIATEDETECTION?TS_SEVICE           -----    -----      -----    -----      0284H    0007H
  +--> ?CO?TS_SEVICE

?PR?KEY_SCAN?APP_TASK                            -----    -----      -----    -----      027FH    0001H
  +--> ?PR?ADC_KEY_SACN?ADC_KEY
  +--> ?PR?_MCU_SENDCMDTOBT?BLUETOOTH_CONTROL
BL51 BANKED LINKER/LOCATER V6.22                                                      07/24/2018  11:06:17  PAGE 9


  +--> ?PR?_LEDW_BRIGHTNESS_CTRL?APP_TASK
  +--> ?PR?_ALARM_LED_DISPLAY?LED_CONTROL
  +--> ?PR?_RTC_WRITESECOND?RTC
  +--> ?PR?_RTC_WRITEMINUTE?RTC
  +--> ?PR?_RTC_WRITEHOUR?RTC
  +--> ?PR?_FM_FREQ_LED_DISPLAY?LED_CONTROL
  +--> ?PR?_TO_RDA5807_INIT?RDA5807
  +--> ?CO?APP_TASK
  +--> ?PR?_UART0_SEND_NDATA?APP_TASK
  +--> ?PR?_SET_TIME_DOWN?APP_TASK
  +--> ?PR?_SET_VOLUME?APP_TASK
  +--> ?PR?_SET_TIME_UP?APP_TASK
  +--> ?PR?_VOLUME_LED_DISPLAY?LED_CONTROL
  +--> ?PR?_RDA5807_FREQSET?RDA5807
  +--> ?PR?FM_CHANNEL_UP?APP_TASK
  +--> ?PR?TSKEY_SCAN?APP_TASK
  +--> ?PR?_UART0_PUTCHAR?UART
  +--> ?PR?RGB_RED_DIS_OFF?APP_TASK

?PR?ADC_KEY_SACN?ADC_KEY                         -----    -----      -----    -----      -----    -----
  +--> ?PR?_ADC_CONFIGCHANNEL?ADC
  +--> ?PR?_DELAY_50US?DELAY
  +--> ?PR?GET_ADC_KEY_INDEX?ADC_KEY

?PR?GET_ADC_KEY_INDEX?ADC_KEY                    -----    -----      -----    -----      -----    -----
  +--> ?PR?GET_ADC_VALUE?ADC_KEY

?PR?GET_ADC_VALUE?ADC_KEY                        -----    -----      -----    -----      0280H    0005H
  +--> ?PR?ADC_STARTCONVERSION?ADC

?PR?_MCU_SENDCMDTOBT?BLUETOOTH_CONTROL           -----    -----      -----    -----      0280H    0009H
  +--> ?CO?BLUETOOTH_CONTROL

?PR?_LEDW_BRIGHTNESS_CTRL?APP_TASK               000DH    0002H      -----    -----      -----    -----
  +--> ?PR?_PWM_UPDATE?PWM

?PR?_RTC_WRITESECOND?RTC                         -----    -----      -----    -----      -----    -----
  +--> ?PR?_DELAY_50US?DELAY

?PR?_RTC_WRITEMINUTE?RTC                         -----    -----      -----    -----      -----    -----
  +--> ?PR?_DELAY_50US?DELAY

?PR?_RTC_WRITEHOUR?RTC                           -----    -----      -----    -----      -----    -----
  +--> ?PR?_DELAY_50US?DELAY

?PR?_TO_RDA5807_INIT?RDA5807                     -----    -----      -----    -----      -----    -----
  +--> ?PR?RDA5807_INIT?RDA5807

?PR?RDA5807_INIT?RDA5807                         -----    -----      -----    -----      0280H    0008H
  +--> ?PR?__RDA_WRITE_REG?RDA5807
  +--> ?PR?_DELAY_MS?DELAY
  +--> ?CO?RDA5807
  +--> ?PR?_RDA5807_FREQSET?RDA5807

?PR?__RDA_WRITE_REG?RDA5807                      -----    -----      -----    -----      028EH    0007H
  +--> ?PR?PLL_I2C_START?PLL_I2C
  +--> ?PR?_PLL_I2C_WRITE_BYTE?PLL_I2C
BL51 BANKED LINKER/LOCATER V6.22                                                      07/24/2018  11:06:17  PAGE 10


  +--> ?PR?PLL_I2C_STOP?PLL_I2C

?PR?PLL_I2C_START?PLL_I2C                        -----    -----      -----    -----      -----    -----
  +--> ?PR?_DELAY?PLL_I2C

?PR?_DELAY?PLL_I2C                               -----    -----      -----    -----      0295H    0001H

?PR?_PLL_I2C_WRITE_BYTE?PLL_I2C                  -----    -----      -----    -----      -----    -----
  +--> ?PR?_DELAY?PLL_I2C
  +--> ?PR?PLL_I2C_CHECKACK?PLL_I2C

?PR?PLL_I2C_CHECKACK?PLL_I2C                     -----    -----      -----    -----      -----    -----
  +--> ?PR?_DELAY?PLL_I2C

?PR?PLL_I2C_STOP?PLL_I2C                         -----    -----      -----    -----      -----    -----
  +--> ?PR?_DELAY?PLL_I2C

?PR?_DELAY_MS?DELAY                              -----    -----      -----    -----      -----    -----
  +--> ?PR?_DELAY_50US?DELAY

?PR?_RDA5807_FREQSET?RDA5807                     -----    -----      -----    -----      0288H    0006H
  +--> ?CO?RDA5807
  +--> ?PR?__RDA_WRITE_REG?RDA5807

?PR?_SET_TIME_DOWN?APP_TASK                      -----    -----      -----    -----      -----    -----
  +--> ?PR?_SETTIME_LED_DISPLAY?LED_CONTROL

?PR?_SET_TIME_UP?APP_TASK                        -----    -----      -----    -----      -----    -----
  +--> ?PR?_SETTIME_LED_DISPLAY?LED_CONTROL

?PR?_VOLUME_LED_DISPLAY?LED_CONTROL              -----    -----      -----    -----      -----    -----
  +--> ?CO?LED_CONTROL

?PR?FM_CHANNEL_UP?APP_TASK                       -----    -----      -----    -----      -----    -----
  +--> ?PR?_FM_CHANNEL_LED_DISPLAY?LED_CONTROL

?PR?_FM_CHANNEL_LED_DISPLAY?LED_CONTROL          -----    -----      -----    -----      -----    -----
  +--> ?CO?LED_CONTROL

?PR?RGB_RED_DIS_OFF?APP_TASK                     000DH    0002H      -----    -----      -----    -----
  +--> ?PR?_PWM_UPDATE?PWM

?PR?BTCMD_RESEND?BLUETOOTH_CONTROL               -----    -----      -----    -----      -----    -----
  +--> ?PR?_MCU_SENDCMDTOBT?BLUETOOTH_CONTROL

?PR?BT_CMDPROCESS?BLUETOOTH_CONTROL              -----    -----      -----    -----      -----    -----
  +--> ?CO?BLUETOOTH_CONTROL
  +--> ?PR?_FM_FREQ_LED_DISPLAY?LED_CONTROL
  +--> ?PR?LED_DISPLAY_OFF?LED_CONTROL
  +--> ?PR?_BT_POWER_CTRL?APP_TASK
  +--> ?PR?ENTER_SLEEP_CONF?APP_TASK

?PR?FM_INIT?APP_TASK                             -----    -----      -----    -----      -----    -----
  +--> ?PR?_FM_FREQ_LED_DISPLAY?LED_CONTROL
  +--> ?PR?RDA5807_INIT?RDA5807

?PR?FM_AUTO_SCAN?APP_TASK                        -----    -----      -----    -----      -----    -----
BL51 BANKED LINKER/LOCATER V6.22                                                      07/24/2018  11:06:17  PAGE 11


  +--> ?PR?_RDA5807_FREQSET?RDA5807
  +--> ?PR?RDA5807_AUTO_SEARCH?RDA5807
  +--> ?PR?_FM_CHANNEL_LED_DISPLAY?LED_CONTROL
  +--> ?PR?_FM_FREQ_LED_DISPLAY?LED_CONTROL

?PR?RDA5807_AUTO_SEARCH?RDA5807                  -----    -----      -----    -----      027FH    0004H
  +--> ?PR?__RDA_READ_REG?RDA5807

?PR?__RDA_READ_REG?RDA5807                       -----    -----      -----    -----      0283H    0007H
  +--> ?PR?PLL_I2C_START?PLL_I2C
  +--> ?PR?_PLL_I2C_WRITE_BYTE?PLL_I2C
  +--> ?PR?PLL_I2C_READ_BYTE?PLL_I2C
  +--> ?PR?PLL_I2C_ACK?PLL_I2C
  +--> ?PR?PLL_I2C_NOACK?PLL_I2C
  +--> ?PR?PLL_I2C_STOP?PLL_I2C

?PR?PLL_I2C_ACK?PLL_I2C                          -----    -----      -----    -----      -----    -----
  +--> ?PR?_DELAY?PLL_I2C

?PR?PLL_I2C_NOACK?PLL_I2C                        -----    -----      -----    -----      -----    -----
  +--> ?PR?_DELAY?PLL_I2C

?PR?FM_CH_CHANGE?APP_TASK                        -----    -----      -----    -----      -----    -----
  +--> ?PR?_FM_FREQ_LED_DISPLAY?LED_CONTROL
  +--> ?PR?_RDA5807_FREQSET?RDA5807

?PR?SET_ALARM?APP_TASK                           -----    -----      -----    -----      -----    -----
  +--> ?CO?APP_TASK
  +--> ?PR?_UART0_SEND_NDATA?APP_TASK

?PR?ALARM_LED_CTRL?APP_TASK                      -----    -----      -----    -----      -----    -----
  +--> ?CO?APP_TASK
  +--> ?PR?_PWM_UPDATE?PWM

?PR?LED_CIRCLE_SHOW?APP_TASK                     -----    -----      -----    -----      -----    -----
  +--> ?CO?APP_TASK
  +--> ?PR?_PWM_UPDATE?PWM

?PR?_RGB_GREEN_DIS?APP_TASK                      000DH    0002H      -----    -----      -----    -----
  +--> ?CO?APP_TASK
  +--> ?PR?_UART0_SEND_NDATA?APP_TASK
  +--> ?PR?_PWM_CFGDIVDUTY?PWM
  +--> ?PR?_PWM_UPDATE?PWM



UNRESOLVED EXTERNAL SYMBOLS:
   COUNT
   RDA_TIME_COUNT



SYMBOL TABLE OF MODULE:  .\Output\DCM0502C (MAIN)

  VALUE           TYPE          NAME
  ----------------------------------

BL51 BANKED LINKER/LOCATER V6.22                                                      07/24/2018  11:06:17  PAGE 12


  -------         MODULE        MAIN
  C:0000H         SYMBOL        _ICE_DUMMY_
  X:801DH         PUBLIC        P35F
  X:800FH         PUBLIC        P17F
  X:801EH         PUBLIC        P36F
  D:0080H         PUBLIC        P0
  X:801FH         PUBLIC        P37F
  D:0090H         PUBLIC        P1
  D:00A0H         PUBLIC        P2
  D:00B0H         PUBLIC        P3
  B:00A8H.7       PUBLIC        EA
  X:8100H         PUBLIC        SPMAX
  X:8021H         PUBLIC        ADCALH
  D:00B1H         PUBLIC        I2CCON
  X:8020H         PUBLIC        ADCALL
  C:21C4H         PUBLIC        main
  X:FC03H         PUBLIC        LOCK
  X:8101H         PUBLIC        I2CIOS
  B:00A0H.0       PUBLIC        P20
  B:00E8H.6       PUBLIC        INT8EN
  X:FC06H         PUBLIC        PTSH
  X:FC05H         PUBLIC        PTSL
  X:FC04H         PUBLIC        PADRD
  X:FC01H         PUBLIC        FSCMD
  D:00A1H         PUBLIC        CKCON
  X:0324H         PUBLIC        POWER_STATE
  X:0325H         PUBLIC        Power_Det_State
  X:FC02H         PUBLIC        FSDAT
  X:FC00H         PUBLIC        MECON
  X:8000H         PUBLIC        P00F
  X:8008H         PUBLIC        P10F
  X:8001H         PUBLIC        P01F
  X:8010H         PUBLIC        P20F
  X:8009H         PUBLIC        P11F
  X:8002H         PUBLIC        P02F
  X:8018H         PUBLIC        P30F
  X:8011H         PUBLIC        P21F
  X:800AH         PUBLIC        P12F
  X:8003H         PUBLIC        P03F
  X:8019H         PUBLIC        P31F
  X:800BH         PUBLIC        P13F
  X:8004H         PUBLIC        P04F
  X:801AH         PUBLIC        P32F
  X:800CH         PUBLIC        P14F
  X:8005H         PUBLIC        P05F
  X:801BH         PUBLIC        P33F
  X:800DH         PUBLIC        P15F
  X:8006H         PUBLIC        P06F
  X:801CH         PUBLIC        P34F
  X:800EH         PUBLIC        P16F
  X:8007H         PUBLIC        P07F
  -------         PROC          MAIN
  C:21C4H         LINE#         41
  C:21C4H         LINE#         42
  C:21C4H         LINE#         43
  C:21C7H         LINE#         47
  C:21CDH         LINE#         48
BL51 BANKED LINKER/LOCATER V6.22                                                      07/24/2018  11:06:17  PAGE 13


  C:21CFH         LINE#         53
  C:21D2H         LINE#         54
  C:21D7H         LINE#         56
  C:21DAH         LINE#         59
  C:21E4H         LINE#         60
  C:21E7H         LINE#         62
  C:21EAH         LINE#         64
  C:21F5H         LINE#         66
  C:21FBH         LINE#         67
  C:21FFH         LINE#         69
  C:2212H         LINE#         70
  C:2225H         LINE#         72
  C:2232H         LINE#         73
  C:223FH         LINE#         75
  C:2244H         LINE#         78
  C:2247H         LINE#         80
  C:224CH         LINE#         87
  C:2258H         LINE#         89
  C:226BH         LINE#         90
  C:2274H         LINE#         91
  C:2279H         LINE#         92
  C:2281H         LINE#         95
  C:2294H         LINE#         97
  C:229DH         LINE#         98
  C:22A2H         LINE#         99
  C:22AAH         LINE#         100
  C:22B3H         LINE#         101
  C:22B5H         LINE#         103
  C:22B7H         LINE#         105
  C:22BAH         LINE#         110
  C:22BDH         LINE#         112
  C:22C8H         LINE#         114
  C:22C8H         LINE#         115
  C:22C8H         LINE#         116
  C:22CBH         LINE#         123
  C:22D3H         LINE#         124
  C:22D6H         LINE#         125
  C:22D6H         LINE#         126
  C:22D9H         LINE#         127
  C:22D9H         LINE#         128
  C:22DCH         LINE#         129
  C:22E2H         LINE#         130
  C:22E7H         LINE#         131
  C:22EAH         LINE#         132
  C:22F0H         LINE#         133
  C:22F3H         LINE#         134
  C:22F7H         LINE#         136
  C:22F9H         LINE#         137
  C:2300H         LINE#         138
  C:2300H         LINE#         140
  C:2305H         LINE#         141
  C:2308H         LINE#         142
  C:230EH         LINE#         143
  C:2312H         LINE#         144
  C:2312H         LINE#         145
  C:2312H         LINE#         147
  C:2319H         LINE#         148
BL51 BANKED LINKER/LOCATER V6.22                                                      07/24/2018  11:06:17  PAGE 14


  C:2319H         LINE#         150
  C:231CH         LINE#         152
  C:231FH         LINE#         154
  C:2322H         LINE#         155
  C:2325H         LINE#         157
  C:2328H         LINE#         158
  C:232BH         LINE#         159
  C:232EH         LINE#         160
  C:2331H         LINE#         161
  C:2334H         LINE#         162
  C:2337H         LINE#         163
  C:233CH         LINE#         165
  C:233EH         LINE#         166
  C:2346H         LINE#         167
  C:2346H         LINE#         168
  C:234BH         LINE#         169
  C:234BH         LINE#         171
  C:234BH         LINE#         172
  C:234DH         LINE#         173
  C:2354H         LINE#         174
  C:2354H         LINE#         175
  C:2359H         LINE#         176
  C:2359H         LINE#         177
  C:235CH         LINE#         179
  C:2361H         LINE#         180
  C:2364H         LINE#         181
  C:236AH         LINE#         182
  C:236DH         LINE#         183
  C:2371H         LINE#         189
  -------         ENDPROC       MAIN
  -------         ENDMOD        MAIN

  -------         MODULE        APP_TASK
  C:0000H         SYMBOL        _ICE_DUMMY_
  C:27FAH         PUBLIC        _BT_Power_Ctrl
  D:0080H         PUBLIC        P0
  D:0090H         PUBLIC        P1
  D:00A0H         PUBLIC        P2
  D:00B0H         PUBLIC        P3
  C:421DH         PUBLIC        _Uart0_Send_nData
  X:01B0H         PUBLIC        FM_CHANGE_COUNT
  D:00D8H         PUBLIC        PWMEN
  D:0086H         PUBLIC        PWCON
  C:46E1H         PUBLIC        FM_Init
  C:4698H         PUBLIC        _Set_Volume
  X:01B1H         PUBLIC        FM_INIT_STATE
  C:353BH         PUBLIC        LED_CIRCLE_SHOW
  C:3BBAH         PUBLIC        Power_Det
  C:1000H         PUBLIC        Key_Scan
  X:01B2H         PUBLIC        LEDW_PWM_Num
  C:4844H         PUBLIC        RGB_RED_DIS_OFF
  C:3C30H         PUBLIC        _Set_Time_Down
  X:01B3H         PUBLIC        LED_B_DutyDat
  C:3FB9H         PUBLIC        Alarm_LED_Ctrl
  X:01B5H         PUBLIC        FM_FREQ_AREA
  X:01F5H         PUBLIC        TS_LONG_COUNT
  C:425EH         PUBLIC        _LEDW_Brightness_Ctrl
BL51 BANKED LINKER/LOCATER V6.22                                                      07/24/2018  11:06:17  PAGE 15


  C:4623H         PUBLIC        FM_CH_Change
  D:00D1H         PUBLIC        PWMDUTH
  X:01F6H         PUBLIC        LEDW_PWM_Num_DOWM
  D:00DFH         PUBLIC        PWMDUTL
  B:00A0H.0       PUBLIC        P20
  B:0090H.1       PUBLIC        P11
  B:00B0H.0       PUBLIC        P30
  B:00B0H.1       PUBLIC        P31
  X:01F7H         PUBLIC        TS_LONG_FLAG
  B:0090H.4       PUBLIC        P14
  B:0090H.5       PUBLIC        P15
  B:0090H.6       PUBLIC        P16
  X:01F8H         PUBLIC        FM_CHANGE_FlAG
  X:01F9H         PUBLIC        msg_ts_key
  X:01FAH         PUBLIC        FM_AUTO_FREQ
  C:44C2H         PUBLIC        Sys_Parameter_Init
  X:01FCH         PUBLIC        Alarm_Ring_Flag
  X:01FDH         PUBLIC        FM_AUTO_SEARCH_FLAG
  C:3D7DH         PUBLIC        _Set_Time_Up
  C:35DAH         PUBLIC        Enter_Sleep_Conf
  X:01FEH         PUBLIC        TIME_DIV_NUM
  C:1F56H         PUBLIC        LEDW_PWM_Table
  X:0200H         PUBLIC        TS_KEY_JUDGE_TIME
  X:0202H         PUBLIC        Alarm_Ring_Time
  C:3F09H         PUBLIC        FM_Channel_Up
  C:33FBH         PUBLIC        TSkey_Scan
  X:0204H         PUBLIC        Mode_Init_Flag
  X:0205H         PUBLIC        FM_AREA_NUM
  X:0206H         PUBLIC        FM_INIT_COUNNT
  X:0207H         PUBLIC        sys_state
  X:0215H         PUBLIC        LED_CIRCLE_FLAG
  C:1F9EH         PUBLIC        LEDW_PWM_Table_DOWM
  C:3800H         PUBLIC        Quit_Sleep_Conf
  X:0217H         PUBLIC        app_task_time
  C:497BH         PUBLIC        _Set_Alarm_Time
  D:00A1H         PUBLIC        CKCON
  C:4460H         PUBLIC        _RGB_GREEN_DIS
  X:021BH         PUBLIC        LEDW_PWM_Time
  C:2800H         PUBLIC        FM_Auto_Scan
  C:4146H         PUBLIC        Gpio_Conf
  D:00C0H         PUBLIC        INDEX
  C:4905H         PUBLIC        _LEDW_Brightness_Ctrl_circle
  C:3674H         PUBLIC        Set_Alarm
  -------         PROC          GPIO_CONF
  C:4146H         LINE#         51
  C:4146H         LINE#         52
  C:4146H         LINE#         54
  C:414CH         LINE#         56
  C:4152H         LINE#         59
  C:4158H         LINE#         60
  C:415DH         LINE#         66
  C:4163H         LINE#         67
  C:4167H         LINE#         68
  C:416BH         LINE#         69
  C:416FH         LINE#         70
  C:4173H         LINE#         72
  C:4177H         LINE#         73
BL51 BANKED LINKER/LOCATER V6.22                                                      07/24/2018  11:06:17  PAGE 16


  C:417BH         LINE#         74
  C:417FH         LINE#         75
  C:4183H         LINE#         76
  C:4187H         LINE#         77
  C:418BH         LINE#         78
  C:418FH         LINE#         80
  -------         ENDPROC       GPIO_CONF
  -------         PROC          SYS_PARAMETER_INIT
  C:44C2H         LINE#         89
  C:44C2H         LINE#         90
  C:44C2H         LINE#         91
  C:44C8H         LINE#         92
  C:44CBH         LINE#         93
  C:44CDH         LINE#         94
  C:44CFH         LINE#         95
  C:44D1H         LINE#         96
  C:44DBH         LINE#         98
  C:44E1H         LINE#         99
  C:44E3H         LINE#         100
  C:44E7H         LINE#         101
  C:44E9H         LINE#         102
  C:44EEH         LINE#         103
  C:44F0H         LINE#         104
  -------         ENDPROC       SYS_PARAMETER_INIT
  -------         PROC          _SET_ALARM_TIME
  D:0007H         SYMBOL        hour
  D:0005H         SYMBOL        minute
  D:0003H         SYMBOL        second
  C:497BH         LINE#         115
  C:497BH         LINE#         116
  C:497BH         LINE#         117
  -------         ENDPROC       _SET_ALARM_TIME
  -------         PROC          LED_CIRCLE_SHOW
  C:353BH         LINE#         122
  C:353BH         LINE#         123
  C:353BH         LINE#         124
  C:3543H         LINE#         125
  C:354BH         LINE#         126
  C:354BH         LINE#         127
  C:3555H         LINE#         128
  C:3555H         LINE#         129
  C:355FH         LINE#         130
  C:355FH         LINE#         131
  C:3562H         LINE#         132
  C:3578H         LINE#         133
  C:357AH         LINE#         135
  C:357FH         LINE#         136
  C:3585H         LINE#         137
  C:358BH         LINE#         138
  C:358BH         LINE#         139
  C:3593H         LINE#         140
  C:3593H         LINE#         141
  C:359DH         LINE#         142
  C:359DH         LINE#         143
  C:35A0H         LINE#         144
  C:35B6H         LINE#         145
  C:35B8H         LINE#         147
BL51 BANKED LINKER/LOCATER V6.22                                                      07/24/2018  11:06:17  PAGE 17


  C:35BDH         LINE#         148
  C:35C3H         LINE#         149
  C:35C9H         LINE#         150
  C:35C9H         LINE#         151
  C:35D0H         LINE#         152
  C:35D0H         LINE#         153
  C:35D5H         LINE#         154
  C:35D9H         LINE#         155
  C:35D9H         LINE#         156
  C:35D9H         LINE#         158
  C:35D9H         LINE#         159
  C:35D9H         LINE#         160
  -------         ENDPROC       LED_CIRCLE_SHOW
  -------         PROC          _RGB_GREEN_DIS
  D:0007H         SYMBOL        flag
  -------         DO            
  D:000DH         SYMBOL        value
  -------         ENDDO         
  C:4460H         LINE#         166
  C:4460H         LINE#         167
  C:4460H         LINE#         168
  C:4466H         LINE#         169
  C:4469H         LINE#         170
  C:4469H         LINE#         171
  C:4474H         LINE#         172
  C:4477H         LINE#         173
  C:447BH         LINE#         174
  C:447EH         LINE#         175
  C:448BH         LINE#         176
  C:4490H         LINE#         177
  C:4490H         LINE#         178
  -------         ENDPROC       _RGB_GREEN_DIS
  -------         PROC          RGB_RED_DIS_OFF
  -------         DO            
  D:000DH         SYMBOL        value
  -------         ENDDO         
  C:4844H         LINE#         179
  C:4844H         LINE#         180
  C:4844H         LINE#         181
  C:4849H         LINE#         182
  C:484CH         LINE#         183
  C:4850H         LINE#         184
  C:4853H         LINE#         185
  -------         ENDPROC       RGB_RED_DIS_OFF
  -------         PROC          _BT_POWER_CTRL
  D:0007H         SYMBOL        bt_power_sw
  C:27FAH         LINE#         194
  C:27FAH         LINE#         195
  C:27FAH         LINE#         196
  C:27FFH         LINE#         197
  -------         ENDPROC       _BT_POWER_CTRL
  -------         PROC          POWER_DET
  -------         DO            
  X:01AAH         SYMBOL        PowerKeyState
  X:01ABH         SYMBOL        PreKeyStatus
  X:01ACH         SYMBOL        KeyDetCount
  -------         ENDDO         
BL51 BANKED LINKER/LOCATER V6.22                                                      07/24/2018  11:06:17  PAGE 18


  C:3BBAH         LINE#         206
  C:3BBAH         LINE#         207
  C:3BBAH         LINE#         212
  C:3BC1H         LINE#         213
  C:3BC1H         LINE#         214
  C:3BCAH         LINE#         215
  C:3BCAH         LINE#         216
  C:3BCCH         LINE#         217
  C:3BCEH         LINE#         219
  C:3BCEH         LINE#         220
  C:3BD1H         LINE#         221
  C:3BD1H         LINE#         222
  C:3BD1H         LINE#         224
  C:3BDFH         LINE#         225
  C:3BDFH         LINE#         226
  C:3BDFH         LINE#         227
  C:3BE7H         LINE#         228
  C:3BEDH         LINE#         229
  C:3BF2H         LINE#         230
  C:3BF4H         LINE#         232
  C:3BF4H         LINE#         233
  C:3C00H         LINE#         234
  C:3C00H         LINE#         235
  C:3C00H         LINE#         236
  C:3C02H         LINE#         238
  C:3C02H         LINE#         239
  C:3C08H         LINE#         240
  C:3C0EH         LINE#         241
  C:3C0EH         LINE#         243
  C:3C14H         LINE#         244
  C:3C1AH         LINE#         247
  C:3C1AH         LINE#         248
  C:3C1AH         LINE#         249
  C:3C1AH         LINE#         251
  C:3C1AH         LINE#         252
  C:3C26H         LINE#         253
  C:3C26H         LINE#         254
  C:3C26H         LINE#         255
  C:3C26H         LINE#         256
  C:3C28H         LINE#         258
  C:3C28H         LINE#         259
  C:3C2DH         LINE#         260
  C:3C2DH         LINE#         261
  C:3C2DH         LINE#         262
  C:3C2FH         LINE#         263
  -------         ENDPROC       POWER_DET
  -------         PROC          _LEDW_BRIGHTNESS_CTRL
  D:0007H         SYMBOL        level
  -------         DO            
  D:000DH         SYMBOL        value
  -------         ENDDO         
  C:425EH         LINE#         271
  C:425EH         LINE#         272
  C:425EH         LINE#         274
  C:4264H         LINE#         276
  C:4271H         LINE#         277
  C:4271H         LINE#         278
BL51 BANKED LINKER/LOCATER V6.22                                                      07/24/2018  11:06:17  PAGE 19


  C:4271H         LINE#         279
  C:4277H         LINE#         280
  C:4279H         LINE#         282
  C:4279H         LINE#         283
  C:427FH         LINE#         284
  C:4281H         LINE#         286
  C:4281H         LINE#         287
  C:4287H         LINE#         288
  C:4289H         LINE#         290
  C:4289H         LINE#         291
  C:428EH         LINE#         292
  C:428EH         LINE#         295
  C:428EH         LINE#         297
  C:428EH         LINE#         299
  C:428EH         LINE#         300
  C:428EH         LINE#         301
  C:428EH         LINE#         304
  C:4291H         LINE#         305
  C:4295H         LINE#         306
  C:4298H         LINE#         308
  -------         ENDPROC       _LEDW_BRIGHTNESS_CTRL
  -------         PROC          _LEDW_BRIGHTNESS_CTRL_CIRCLE
  D:0007H         SYMBOL        value
  C:4905H         LINE#         310
  C:4905H         LINE#         311
  C:4905H         LINE#         312
  C:4908H         LINE#         313
  C:490BH         LINE#         314
  C:490DH         LINE#         316
  -------         ENDPROC       _LEDW_BRIGHTNESS_CTRL_CIRCLE
  -------         PROC          TSKEY_SCAN
  -------         DO            
  X:01ADH         SYMBOL        TSKeyState
  D:0007H         SYMBOL        KeyState
  -------         ENDDO         
  C:33FBH         LINE#         325
  C:33FBH         LINE#         326
  C:33FBH         LINE#         330
  C:3405H         LINE#         332
  C:3418H         LINE#         333
  C:3418H         LINE#         334
  C:3418H         LINE#         335
  C:341BH         LINE#         336
  C:341BH         LINE#         337
  C:3421H         LINE#         338
  C:342AH         LINE#         339
  C:342AH         LINE#         340
  C:342CH         LINE#         342
  C:342CH         LINE#         343
  C:342FH         LINE#         344
  C:342FH         LINE#         345
  C:3439H         LINE#         346
  C:3439H         LINE#         347
  C:343FH         LINE#         348
  C:3448H         LINE#         349
  C:3448H         LINE#         350
  C:344AH         LINE#         352
BL51 BANKED LINKER/LOCATER V6.22                                                      07/24/2018  11:06:17  PAGE 20


  C:344AH         LINE#         353
  C:344FH         LINE#         354
  C:344FH         LINE#         355
  C:3451H         LINE#         357
  C:3451H         LINE#         358
  C:3454H         LINE#         359
  C:3454H         LINE#         360
  C:345EH         LINE#         361
  C:345EH         LINE#         362
  C:3464H         LINE#         363
  C:346DH         LINE#         364
  C:3470H         LINE#         365
  C:3470H         LINE#         366
  C:3470H         LINE#         368
  C:3470H         LINE#         369
  C:3475H         LINE#         370
  C:3478H         LINE#         371
  C:3478H         LINE#         372
  C:3478H         LINE#         374
  C:3478H         LINE#         375
  C:347BH         LINE#         376
  C:347BH         LINE#         377
  C:3485H         LINE#         378
  C:3485H         LINE#         379
  C:348DH         LINE#         380
  C:3490H         LINE#         381
  C:3490H         LINE#         382
  C:3490H         LINE#         384
  C:3490H         LINE#         385
  C:3495H         LINE#         386
  C:3498H         LINE#         387
  C:3498H         LINE#         388
  C:3498H         LINE#         390
  C:3498H         LINE#         391
  C:3498H         LINE#         392
  C:3498H         LINE#         394
  C:349AH         LINE#         395
  -------         ENDPROC       TSKEY_SCAN
  -------         PROC          KEY_SCAN
  -------         DO            
  X:01AEH         SYMBOL        MSG_MODE_SHORT_count
  X:027FH         SYMBOL        msg_adc_key
  -------         ENDDO         
  C:1000H         LINE#         404
  C:1000H         LINE#         405
  C:1000H         LINE#         407
  C:1005H         LINE#         410
  C:1010H         LINE#         411
  C:1010H         LINE#         412
  C:1012H         LINE#         413
  C:1012H         LINE#         415
  C:1012H         LINE#         417
  C:1012H         LINE#         419
  C:101AH         LINE#         421
  C:101CH         LINE#         422
  C:101CH         LINE#         423
  C:1023H         LINE#         424
BL51 BANKED LINKER/LOCATER V6.22                                                      07/24/2018  11:06:17  PAGE 21


  C:1023H         LINE#         425
  C:1023H         LINE#         426
  C:1023H         LINE#         427
  C:1023H         LINE#         428
  C:1025H         LINE#         429
  C:102CH         LINE#         430
  C:102CH         LINE#         431
  C:1031H         LINE#         432
  C:1036H         LINE#         433
  C:103BH         LINE#         434
  C:103BH         LINE#         436
  C:1041H         LINE#         437
  C:1041H         LINE#         438
  C:1043H         LINE#         439
  C:1049H         LINE#         440
  C:104FH         LINE#         442
  C:104FH         LINE#         443
  C:104FH         LINE#         445
  C:107CH         LINE#         446
  C:107CH         LINE#         447
  C:107CH         LINE#         450
  C:1084H         LINE#         451
  C:1084H         LINE#         452
  C:108AH         LINE#         453
  C:1092H         LINE#         454
  C:1092H         LINE#         455
  C:1094H         LINE#         456
  C:1099H         LINE#         457
  C:109DH         LINE#         458
  C:10A1H         LINE#         459
  C:10A1H         LINE#         460
  C:10A3H         LINE#         462
  C:10A3H         LINE#         463
  C:10A9H         LINE#         464
  C:10A9H         LINE#         465
  C:10ADH         LINE#         466
  C:10ADH         LINE#         467
  C:10B5H         LINE#         468
  C:10BDH         LINE#         469
  C:10BFH         LINE#         470
  C:10C1H         LINE#         471
  C:10C8H         LINE#         472
  C:10C8H         LINE#         473
  C:10D0H         LINE#         474
  C:10D8H         LINE#         475
  C:10DDH         LINE#         476
  C:10DFH         LINE#         478
  C:10DFH         LINE#         479
  C:10E4H         LINE#         480
  C:10ECH         LINE#         481
  C:10F4H         LINE#         482
  C:10F4H         LINE#         483
  C:10F9H         LINE#         484
  C:10FBH         LINE#         485
  C:1102H         LINE#         486
  C:1102H         LINE#         487
  C:1105H         LINE#         488
BL51 BANKED LINKER/LOCATER V6.22                                                      07/24/2018  11:06:17  PAGE 22


  C:1109H         LINE#         489
  C:110FH         LINE#         490
  C:111AH         LINE#         491
  C:1122H         LINE#         493
  C:1124H         LINE#         494
  C:112CH         LINE#         495
  C:112CH         LINE#         496
  C:112FH         LINE#         497
  C:1133H         LINE#         498
  C:1138H         LINE#         499
  C:113AH         LINE#         500
  C:113EH         LINE#         501
  C:113EH         LINE#         502
  C:1144H         LINE#         503
  C:1149H         LINE#         504
  C:114FH         LINE#         505
  C:1151H         LINE#         509
  C:1153H         LINE#         510
  C:115AH         LINE#         511
  C:115AH         LINE#         512
  C:115DH         LINE#         513
  C:1163H         LINE#         514
  C:1169H         LINE#         515
  C:116EH         LINE#         519
  C:1170H         LINE#         520
  C:117AH         LINE#         521
  C:117AH         LINE#         522
  C:117DH         LINE#         523
  C:1180H         LINE#         524
  C:1180H         LINE#         525
  C:1180H         LINE#         526
  C:1180H         LINE#         527
  C:1182H         LINE#         529
  C:1182H         LINE#         530
  C:1194H         LINE#         531
  C:1194H         LINE#         532
  C:119CH         LINE#         533
  C:119FH         LINE#         534
  C:11A1H         LINE#         535
  C:11A9H         LINE#         536
  C:11A9H         LINE#         537
  C:11B1H         LINE#         538
  C:11B4H         LINE#         539
  C:11B6H         LINE#         540
  C:11BAH         LINE#         541
  C:11BAH         LINE#         542
  C:11C2H         LINE#         543
  C:11CAH         LINE#         544
  C:11CAH         LINE#         546
  C:11DCH         LINE#         547
  C:11DCH         LINE#         548
  C:11DCH         LINE#         549
  C:11DCH         LINE#         550
  C:11DCH         LINE#         552
  C:11DEH         LINE#         554
  C:11DEH         LINE#         556
  C:11E9H         LINE#         557
BL51 BANKED LINKER/LOCATER V6.22                                                      07/24/2018  11:06:17  PAGE 23


  C:11EBH         LINE#         559
  C:11EBH         LINE#         560
  C:11F2H         LINE#         561
  C:11F2H         LINE#         562
  C:11F2H         LINE#         563
  C:11F4H         LINE#         564
  C:11FCH         LINE#         565
  C:11FCH         LINE#         566
  C:1201H         LINE#         567
  C:1201H         LINE#         570
  C:1203H         LINE#         571
  C:1207H         LINE#         572
  C:1207H         LINE#         573
  C:1215H         LINE#         574
  C:1222H         LINE#         575
  C:1222H         LINE#         576
  C:1229H         LINE#         577
  C:1229H         LINE#         578
  C:1229H         LINE#         579
  C:1229H         LINE#         582
  C:122BH         LINE#         583
  C:1239H         LINE#         584
  C:1239H         LINE#         586
  C:1239H         LINE#         587
  C:123BH         LINE#         589
  C:123BH         LINE#         590
  C:123BH         LINE#         591
  C:1242H         LINE#         592
  C:1242H         LINE#         593
  C:1245H         LINE#         594
  C:1247H         LINE#         595
  C:125CH         LINE#         596
  C:125CH         LINE#         597
  C:1261H         LINE#         598
  C:1261H         LINE#         600
  C:1261H         LINE#         601
  C:1261H         LINE#         602
  C:1261H         LINE#         604
  C:1261H         LINE#         605
  C:1261H         LINE#         606
  C:1261H         LINE#         607
  C:1261H         LINE#         608
  C:1263H         LINE#         610
  C:1263H         LINE#         611
  C:126AH         LINE#         612
  C:126AH         LINE#         613
  C:126AH         LINE#         614
  C:126CH         LINE#         615
  C:1274H         LINE#         616
  C:1274H         LINE#         617
  C:1279H         LINE#         618
  C:1279H         LINE#         621
  C:127BH         LINE#         622
  C:127FH         LINE#         623
  C:127FH         LINE#         624
  C:128DH         LINE#         625
  C:129CH         LINE#         626
BL51 BANKED LINKER/LOCATER V6.22                                                      07/24/2018  11:06:17  PAGE 24


  C:129CH         LINE#         627
  C:12A3H         LINE#         628
  C:12A3H         LINE#         629
  C:12A3H         LINE#         630
  C:12A3H         LINE#         633
  C:12A5H         LINE#         634
  C:12B3H         LINE#         635
  C:12B3H         LINE#         637
  C:12B3H         LINE#         638
  C:12B5H         LINE#         640
  C:12B5H         LINE#         641
  C:12B5H         LINE#         642
  C:12BCH         LINE#         643
  C:12BCH         LINE#         644
  C:12BFH         LINE#         645
  C:12C1H         LINE#         646
  C:12D6H         LINE#         647
  C:12D6H         LINE#         648
  C:12DBH         LINE#         649
  C:12DBH         LINE#         651
  C:12DBH         LINE#         652
  C:12E1H         LINE#         653
  C:12E7H         LINE#         655
  C:12EBH         LINE#         656
  C:12F1H         LINE#         657
  C:12F9H         LINE#         658
  C:12F9H         LINE#         659
  C:12FBH         LINE#         661
  C:12FBH         LINE#         662
  C:1303H         LINE#         663
  C:1303H         LINE#         664
  C:1309H         LINE#         665
  C:130FH         LINE#         666
  C:1311H         LINE#         667
  C:1315H         LINE#         668
  C:1315H         LINE#         669
  C:131BH         LINE#         670
  C:131EH         LINE#         671
  C:1320H         LINE#         672
  C:1328H         LINE#         673
  C:1328H         LINE#         674
  C:132EH         LINE#         675
  C:1334H         LINE#         677
  C:1336H         LINE#         678
  C:133DH         LINE#         679
  C:133DH         LINE#         680
  C:1343H         LINE#         681
  C:1343H         LINE#         682
  C:1345H         LINE#         683
  C:134EH         LINE#         684
  C:134EH         LINE#         685
  C:135DH         LINE#         686
  C:1362H         LINE#         688
  C:136DH         LINE#         689
  C:1378H         LINE#         690
  C:137AH         LINE#         692
  C:137AH         LINE#         693
BL51 BANKED LINKER/LOCATER V6.22                                                      07/24/2018  11:06:17  PAGE 25


  C:137FH         LINE#         694
  C:137FH         LINE#         695
  C:1381H         LINE#         697
  C:1381H         LINE#         698
  C:1384H         LINE#         699
  C:1384H         LINE#         700
  C:1384H         LINE#         702
  C:1386H         LINE#         704
  C:1386H         LINE#         713
  C:138DH         LINE#         714
  C:138DH         LINE#         715
  C:1392H         LINE#         716
  C:1394H         LINE#         717
  C:139BH         LINE#         718
  C:139BH         LINE#         719
  C:13A0H         LINE#         720
  C:13A4H         LINE#         721
  C:13B1H         LINE#         722
  C:13BBH         LINE#         724
  C:13C1H         LINE#         725
  C:13CCH         LINE#         726
  C:13D2H         LINE#         727
  C:13D8H         LINE#         728
  C:13D8H         LINE#         730
  C:13D8H         LINE#         732
  C:13D8H         LINE#         734
  C:13D8H         LINE#         736
  C:13D8H         LINE#         738
  C:13D8H         LINE#         739
  C:13D8H         LINE#         741
  C:13E0H         LINE#         743
  C:13E4H         LINE#         744
  C:13E4H         LINE#         745
  C:13EBH         LINE#         746
  C:13EBH         LINE#         748
  C:13EBH         LINE#         749
  C:13EBH         LINE#         750
  C:13EDH         LINE#         751
  C:13F4H         LINE#         752
  C:13F4H         LINE#         754
  C:13F9H         LINE#         755
  C:13FEH         LINE#         756
  C:13FEH         LINE#         758
  C:1404H         LINE#         759
  C:1404H         LINE#         760
  C:1406H         LINE#         761
  C:140CH         LINE#         762
  C:1412H         LINE#         764
  C:1412H         LINE#         769
  C:141AH         LINE#         770
  C:141AH         LINE#         772
  C:1420H         LINE#         773
  C:1420H         LINE#         774
  C:1426H         LINE#         775
  C:142BH         LINE#         777
  C:1434H         LINE#         778
  C:1434H         LINE#         779
BL51 BANKED LINKER/LOCATER V6.22                                                      07/24/2018  11:06:17  PAGE 26


  C:1436H         LINE#         780
  C:1436H         LINE#         781
  C:143BH         LINE#         783
  C:1444H         LINE#         784
  C:1444H         LINE#         785
  C:1447H         LINE#         786
  C:1447H         LINE#         787
  C:1447H         LINE#         788
  C:1447H         LINE#         789
  C:144FH         LINE#         790
  C:144FH         LINE#         791
  C:1454H         LINE#         792
  C:145AH         LINE#         793
  C:145FH         LINE#         794
  C:1467H         LINE#         795
  C:1467H         LINE#         796
  C:146AH         LINE#         797
  C:1472H         LINE#         798
  C:1475H         LINE#         800
  C:1477H         LINE#         802
  C:1477H         LINE#         803
  C:147CH         LINE#         804
  C:1480H         LINE#         805
  C:1480H         LINE#         806
  C:1487H         LINE#         807
  C:1487H         LINE#         808
  C:148DH         LINE#         809
  C:1493H         LINE#         811
  C:1493H         LINE#         816
  C:1493H         LINE#         818
  C:1493H         LINE#         819
  -------         ENDPROC       KEY_SCAN
  -------         PROC          _UART0_SEND_NDATA
  X:0280H         SYMBOL        databuf
  X:0283H         SYMBOL        data_length
  -------         DO            
  X:0284H         SYMBOL        n
  -------         ENDDO         
  C:421DH         LINE#         828
  C:422BH         LINE#         829
  C:422BH         LINE#         832
  C:4239H         LINE#         833
  C:4239H         LINE#         834
  C:424BH         LINE#         835
  C:4255H         LINE#         836
  C:425DH         LINE#         837
  -------         ENDPROC       _UART0_SEND_NDATA
  -------         PROC          _SET_TIME_UP
  D:0007H         SYMBOL        mode
  C:3D7DH         LINE#         847
  C:3D7DH         LINE#         848
  C:3D7DH         LINE#         849
  C:3D82H         LINE#         850
  C:3D82H         LINE#         851
  C:3D8FH         LINE#         852
  C:3D8FH         LINE#         853
  C:3D97H         LINE#         854
BL51 BANKED LINKER/LOCATER V6.22                                                      07/24/2018  11:06:17  PAGE 27


  C:3D97H         LINE#         855
  C:3D98H         LINE#         856
  C:3D98H         LINE#         857
  C:3D9AH         LINE#         858
  C:3DA1H         LINE#         859
  C:3DA1H         LINE#         860
  C:3DA4H         LINE#         861
  C:3DA6H         LINE#         862
  C:3DA8H         LINE#         864
  C:3DA8H         LINE#         865
  C:3DABH         LINE#         866
  C:3DABH         LINE#         867
  C:3DADH         LINE#         869
  C:3DADH         LINE#         870
  C:3DB3H         LINE#         871
  C:3DB7H         LINE#         872
  C:3DB7H         LINE#         873
  C:3DB9H         LINE#         874
  C:3DB9H         LINE#         875
  C:3DB9H         LINE#         876
  C:3DBBH         LINE#         877
  C:3DBFH         LINE#         878
  C:3DBFH         LINE#         879
  C:3DC5H         LINE#         880
  C:3DCBH         LINE#         881
  C:3DCBH         LINE#         882
  C:3DCDH         LINE#         883
  C:3DCDH         LINE#         884
  C:3DCDH         LINE#         886
  C:3DD3H         LINE#         887
  C:3DD9H         LINE#         888
  -------         ENDPROC       _SET_TIME_UP
  -------         PROC          _SET_TIME_DOWN
  D:0007H         SYMBOL        mode
  C:3C30H         LINE#         898
  C:3C30H         LINE#         899
  C:3C30H         LINE#         900
  C:3C35H         LINE#         901
  C:3C35H         LINE#         902
  C:3C42H         LINE#         903
  C:3C42H         LINE#         904
  C:3C49H         LINE#         905
  C:3C49H         LINE#         906
  C:3C4CH         LINE#         907
  C:3C4EH         LINE#         908
  C:3C50H         LINE#         909
  C:3C57H         LINE#         910
  C:3C57H         LINE#         911
  C:3C5AH         LINE#         912
  C:3C5DH         LINE#         913
  C:3C5FH         LINE#         915
  C:3C5FH         LINE#         916
  C:3C5FH         LINE#         917
  C:3C5FH         LINE#         918
  C:3C61H         LINE#         920
  C:3C61H         LINE#         921
  C:3C67H         LINE#         922
BL51 BANKED LINKER/LOCATER V6.22                                                      07/24/2018  11:06:17  PAGE 28


  C:3C67H         LINE#         923
  C:3C6AH         LINE#         924
  C:3C6CH         LINE#         926
  C:3C6CH         LINE#         927
  C:3C6FH         LINE#         928
  C:3C6FH         LINE#         929
  C:3C6FH         LINE#         930
  C:3C71H         LINE#         931
  C:3C75H         LINE#         932
  C:3C75H         LINE#         933
  C:3C7BH         LINE#         934
  C:3C7BH         LINE#         935
  C:3C7EH         LINE#         936
  C:3C7EH         LINE#         937
  C:3C84H         LINE#         938
  C:3C84H         LINE#         940
  C:3C8AH         LINE#         941
  C:3C90H         LINE#         942
  -------         ENDPROC       _SET_TIME_DOWN
  -------         PROC          _SET_VOLUME
  D:0007H         SYMBOL        set_mode
  C:4698H         LINE#         953
  C:4698H         LINE#         954
  C:4698H         LINE#         955
  C:469BH         LINE#         956
  C:469BH         LINE#         957
  C:46A4H         LINE#         958
  C:46A4H         LINE#         959
  C:46A6H         LINE#         960
  C:46A8H         LINE#         961
  C:46A8H         LINE#         962
  C:46A8H         LINE#         963
  C:46ACH         LINE#         964
  C:46ACH         LINE#         965
  C:46B5H         LINE#         966
  C:46B5H         LINE#         967
  C:46B8H         LINE#         968
  C:46BBH         LINE#         969
  C:46BBH         LINE#         970
  C:46BBH         LINE#         971
  C:46BDH         LINE#         972
  -------         ENDPROC       _SET_VOLUME
  -------         PROC          SET_ALARM
  C:3674H         LINE#         981
  C:3674H         LINE#         982
  C:3674H         LINE#         983
  C:3685H         LINE#         985
  C:368BH         LINE#         987
  C:3691H         LINE#         990
  C:3695H         LINE#         991
  C:3695H         LINE#         992
  C:36ADH         LINE#         993
  C:36ADH         LINE#         995
  C:36B8H         LINE#         996
  C:36BEH         LINE#         997
  C:36C3H         LINE#         998
  C:36CDH         LINE#         999
BL51 BANKED LINKER/LOCATER V6.22                                                      07/24/2018  11:06:17  PAGE 29


  C:36CDH         LINE#         1000
  C:36CDH         LINE#         1002
  C:36D5H         LINE#         1003
  C:36D5H         LINE#         1004
  C:36E8H         LINE#         1005
  C:36E8H         LINE#         1007
  C:36F3H         LINE#         1008
  C:36F9H         LINE#         1009
  C:36FEH         LINE#         1010
  C:3708H         LINE#         1011
  C:3708H         LINE#         1012
  C:3708H         LINE#         1013
  -------         ENDPROC       SET_ALARM
  -------         PROC          ALARM_LED_CTRL
  C:3FB9H         LINE#         1022
  C:3FB9H         LINE#         1023
  C:3FB9H         LINE#         1024
  C:3FBFH         LINE#         1026
  C:3FC5H         LINE#         1027
  C:3FC5H         LINE#         1028
  C:3FCFH         LINE#         1029
  C:3FCFH         LINE#         1031
  C:3FD2H         LINE#         1032
  C:3FE8H         LINE#         1033
  C:3FEAH         LINE#         1035
  C:3FEFH         LINE#         1036
  C:3FF5H         LINE#         1037
  C:3FFBH         LINE#         1038
  C:3FFBH         LINE#         1039
  C:3FFBH         LINE#         1040
  -------         ENDPROC       ALARM_LED_CTRL
  -------         PROC          FM_INIT
  C:46E1H         LINE#         1048
  C:46E1H         LINE#         1049
  C:46E1H         LINE#         1050
  C:46EEH         LINE#         1051
  C:46EEH         LINE#         1052
  C:46F9H         LINE#         1053
  C:46FCH         LINE#         1054
  C:4702H         LINE#         1055
  C:4702H         LINE#         1057
  -------         ENDPROC       FM_INIT
  -------         PROC          FM_AUTO_SCAN
  -------         DO            
  X:01AFH         SYMBOL        fm_keep_flag
  -------         ENDDO         
  C:2800H         LINE#         1066
  C:2800H         LINE#         1067
  C:2800H         LINE#         1069
  C:2808H         LINE#         1070
  C:2808H         LINE#         1071
  C:280DH         LINE#         1072
  C:2812H         LINE#         1074
  C:2812H         LINE#         1076
  C:281AH         LINE#         1077
  C:281AH         LINE#         1078
  C:2822H         LINE#         1079
BL51 BANKED LINKER/LOCATER V6.22                                                      07/24/2018  11:06:17  PAGE 30


  C:2822H         LINE#         1081
  C:2828H         LINE#         1082
  C:2828H         LINE#         1083
  C:282AH         LINE#         1085
  C:2838H         LINE#         1088
  C:2847H         LINE#         1089
  C:2847H         LINE#         1091
  C:284CH         LINE#         1092
  C:2855H         LINE#         1093
  C:2855H         LINE#         1094
  C:2864H         LINE#         1095
  C:2869H         LINE#         1096
  C:286BH         LINE#         1098
  C:286BH         LINE#         1099
  C:287AH         LINE#         1100
  C:287AH         LINE#         1101
  C:287AH         LINE#         1102
  C:287AH         LINE#         1103
  C:287CH         LINE#         1105
  C:287CH         LINE#         1106
  C:2887H         LINE#         1107
  C:288AH         LINE#         1108
  C:288AH         LINE#         1109
  C:288AH         LINE#         1110
  C:288CH         LINE#         1111
  C:2892H         LINE#         1112
  C:2892H         LINE#         1116
  C:28AEH         LINE#         1117
  C:28B4H         LINE#         1118
  C:28BAH         LINE#         1119
  C:28BDH         LINE#         1120
  C:28C3H         LINE#         1121
  C:28C9H         LINE#         1123
  C:28CAH         LINE#         1125
  C:28CAH         LINE#         1128
  C:28D8H         LINE#         1131
  C:28E7H         LINE#         1132
  C:28E7H         LINE#         1134
  C:28ECH         LINE#         1135
  C:28F5H         LINE#         1136
  C:28F5H         LINE#         1137
  C:2904H         LINE#         1138
  C:2909H         LINE#         1139
  C:290BH         LINE#         1141
  C:290BH         LINE#         1142
  C:291AH         LINE#         1143
  C:291AH         LINE#         1145
  C:2925H         LINE#         1146
  C:2930H         LINE#         1147
  C:2930H         LINE#         1149
  C:2930H         LINE#         1152
  C:293BH         LINE#         1153
  C:2946H         LINE#         1154
  C:294CH         LINE#         1155
  C:294CH         LINE#         1157
  C:294CH         LINE#         1158
  C:294CH         LINE#         1159
BL51 BANKED LINKER/LOCATER V6.22                                                      07/24/2018  11:06:17  PAGE 31


  C:294CH         LINE#         1160
  -------         ENDPROC       FM_AUTO_SCAN
  -------         PROC          FM_CHANNEL_UP
  C:3F09H         LINE#         1163
  C:3F09H         LINE#         1164
  C:3F09H         LINE#         1165
  C:3F13H         LINE#         1166
  C:3F13H         LINE#         1167
  C:3F27H         LINE#         1168
  C:3F27H         LINE#         1169
  C:3F2AH         LINE#         1170
  C:3F2CH         LINE#         1172
  C:3F2CH         LINE#         1173
  C:3F31H         LINE#         1174
  C:3F31H         LINE#         1175
  C:3F4CH         LINE#         1176
  C:3F55H         LINE#         1177
  C:3F5BH         LINE#         1178
  C:3F61H         LINE#         1181
  C:3F61H         LINE#         1182
  -------         ENDPROC       FM_CHANNEL_UP
  -------         PROC          FM_CH_CHANGE
  C:4623H         LINE#         1185
  C:4623H         LINE#         1186
  C:4623H         LINE#         1187
  C:462FH         LINE#         1188
  C:462FH         LINE#         1189
  C:4633H         LINE#         1190
  C:463EH         LINE#         1191
  C:4649H         LINE#         1192
  C:4649H         LINE#         1193
  -------         ENDPROC       FM_CH_CHANGE
  -------         PROC          ENTER_SLEEP_CONF
  C:35DAH         LINE#         1196
  C:35DAH         LINE#         1197
  C:35DAH         LINE#         1202
  C:35E0H         LINE#         1203
  C:35E4H         LINE#         1204
  C:35E6H         LINE#         1205
  C:35E8H         LINE#         1207
  C:35ECH         LINE#         1208
  C:35F0H         LINE#         1209
  C:35F2H         LINE#         1210
  C:35F4H         LINE#         1212
  C:35FAH         LINE#         1213
  C:35FCH         LINE#         1215
  C:35FFH         LINE#         1218
  C:3605H         LINE#         1219
  C:3609H         LINE#         1220
  C:360DH         LINE#         1221
  C:3611H         LINE#         1222
  C:3615H         LINE#         1224
  C:3619H         LINE#         1225
  C:361DH         LINE#         1226
  C:3621H         LINE#         1227
  C:3625H         LINE#         1228
  C:3629H         LINE#         1229
BL51 BANKED LINKER/LOCATER V6.22                                                      07/24/2018  11:06:17  PAGE 32


  C:362DH         LINE#         1230
  C:3631H         LINE#         1238
  C:3646H         LINE#         1239
  C:3649H         LINE#         1241
  C:365EH         LINE#         1242
  C:3668H         LINE#         1244
  C:366BH         LINE#         1245
  C:3673H         LINE#         1254
  -------         ENDPROC       ENTER_SLEEP_CONF
  -------         PROC          QUIT_SLEEP_CONF
  C:3800H         LINE#         1257
  C:3800H         LINE#         1258
  C:3800H         LINE#         1259
  C:3803H         LINE#         1261
  C:3806H         LINE#         1262
  C:380BH         LINE#         1263
  C:3813H         LINE#         1267
  C:3826H         LINE#         1268
  C:382FH         LINE#         1271
  C:3835H         LINE#         1272
  C:3839H         LINE#         1273
  C:383DH         LINE#         1274
  C:3841H         LINE#         1275
  C:3845H         LINE#         1277
  C:3849H         LINE#         1278
  C:384DH         LINE#         1279
  C:3851H         LINE#         1280
  C:3855H         LINE#         1281
  C:3859H         LINE#         1282
  C:385DH         LINE#         1283
  C:3861H         LINE#         1284
  C:3877H         LINE#         1286
  C:387DH         LINE#         1287
  C:3881H         LINE#         1289
  C:3887H         LINE#         1290
  C:388BH         LINE#         1291
  -------         ENDPROC       QUIT_SLEEP_CONF
  -------         ENDMOD        APP_TASK

  -------         MODULE        ADC_KEY
  C:0000H         SYMBOL        _ICE_DUMMY_
  D:0080H         PUBLIC        P0
  D:0090H         PUBLIC        P1
  D:00A0H         PUBLIC        P2
  D:00B0H         PUBLIC        P3
  X:02B9H         SYMBOL        AdcKeyEvent
[...]
  X:0283H         SYMBOL        i
  D:0007H         SYMBOL        j
  D:0004H         SYMBOL        temp
  I:000FH         SYMBOL        BufTmp
  -------         ENDDO         
  C:3358H         LINE#         749
  C:3363H         LINE#         750
  C:3363H         LINE#         754
  C:3370H         LINE#         755
  C:3370H         LINE#         756
  C:338FH         LINE#         757
  C:3397H         LINE#         758
  C:339CH         LINE#         759
  C:339CH         LINE#         760
  C:33ADH         LINE#         761
  C:33ADH         LINE#         762
  C:33C5H         LINE#         763
  C:33C5H         LINE#         764
  C:33C5H         LINE#         765
  C:33DBH         LINE#         766
  C:33E6H         LINE#         767
BL51 BANKED LINKER/LOCATER V6.22                                                      07/24/2018  11:06:17  PAGE 80


  C:33E6H         LINE#         768
  C:33E9H         LINE#         769
  C:33F3H         LINE#         771
  C:33FAH         LINE#         775
  -------         ENDPROC       _GETMIDVAL
  -------         PROC          TS_DATAFILTERING
  -------         DO            
  X:027FH         SYMBOL        i
  -------         ENDDO         
  C:32A8H         LINE#         776
  C:32A8H         LINE#         777
  C:32A8H         LINE#         779
  C:32B9H         LINE#         780
  C:32B9H         LINE#         781
  C:32C6H         LINE#         782
  C:32D6H         LINE#         783
  C:32D6H         LINE#         784
  C:32E5H         LINE#         785
  C:32E5H         LINE#         786
  C:3329H         LINE#         787
  C:334FH         LINE#         788
  C:3357H         LINE#         789
  -------         ENDPROC       TS_DATAFILTERING
  -------         PROC          TSKEY_DATADEAL
  -------         DO            
  X:027FH         SYMBOL        i
  X:0280H         SYMBOL        TouchArea
  X:0281H         SYMBOL        NowArea
  X:021EH         SYMBOL        OverHighCh
  D:0002H         SYMBOL        Delta
  X:0282H         SYMBOL        MaxDelta
  -------         ENDDO         
  C:1800H         LINE#         791
  C:1800H         LINE#         792
  C:1800H         LINE#         802
  C:1807H         LINE#         803
  C:1817H         LINE#         804
  C:1817H         LINE#         805
  C:1841H         LINE#         827
  C:1844H         LINE#         828
  C:1844H         LINE#         829
  C:186BH         LINE#         830
  C:186BH         LINE#         831
  C:187DH         LINE#         832
  C:187DH         LINE#         833
  C:1882H         LINE#         834
  C:188AH         LINE#         835
  C:188CH         LINE#         836
  C:188CH         LINE#         837
  C:188CH         LINE#         838
  C:188EH         LINE#         840
  C:188EH         LINE#         841
  C:1895H         LINE#         842
  C:18C0H         LINE#         843
  C:18C0H         LINE#         844
  C:18C2H         LINE#         845
  C:18C2H         LINE#         846
BL51 BANKED LINKER/LOCATER V6.22                                                      07/24/2018  11:06:17  PAGE 81


  C:18C2H         LINE#         847
  C:18CAH         LINE#         849
  C:18DBH         LINE#         850
  C:18DBH         LINE#         851
  C:18EBH         LINE#         852
  C:18EBH         LINE#         853
  C:191CH         LINE#         854
  C:191CH         LINE#         855
  C:194DH         LINE#         856
  C:194DH         LINE#         857
  C:196CH         LINE#         858
  C:196CH         LINE#         859
  C:196EH         LINE#         860
  C:196EH         LINE#         861
  C:1984H         LINE#         862
  C:199AH         LINE#         871
  C:19A4H         LINE#         872
  C:19A4H         LINE#         873
  C:19ACH         LINE#         874
  C:19ACH         LINE#         875
  C:19DDH         LINE#         876
  C:19DDH         LINE#         877
  C:19F0H         LINE#         878
  C:19F0H         LINE#         879
  C:1A1BH         LINE#         881
  C:1A2CH         LINE#         883
  C:1A39H         LINE#         884
  C:1A39H         LINE#         885
  C:1A3BH         LINE#         887
  C:1A3BH         LINE#         888
  C:1A4CH         LINE#         890
  C:1A5BH         LINE#         891
  C:1A5BH         LINE#         892
  C:1A92H         LINE#         893
  C:1AB8H         LINE#         894
  C:1ADEH         LINE#         895
  C:1AE3H         LINE#         896
  C:1AE3H         LINE#         898
  C:1AE3H         LINE#         899
  C:1AE5H         LINE#         901
  C:1AE5H         LINE#         902
  C:1B16H         LINE#         903
  C:1B16H         LINE#         904
  C:1B28H         LINE#         905
  C:1B28H         LINE#         906
  C:1B59H         LINE#         907
  C:1B59H         LINE#         908
  C:1B59H         LINE#         909
  C:1B59H         LINE#         910
  C:1B5BH         LINE#         912
  C:1B5BH         LINE#         913
  C:1B5BH         LINE#         914
  C:1B5BH         LINE#         915
  C:1B5BH         LINE#         916
  C:1B5BH         LINE#         917
  C:1B5DH         LINE#         918
  C:1B5DH         LINE#         920
BL51 BANKED LINKER/LOCATER V6.22                                                      07/24/2018  11:06:17  PAGE 82


  C:1B5DH         LINE#         921
  C:1B64H         LINE#         922
  C:1B64H         LINE#         923
  C:1B8AH         LINE#         924
  C:1B91H         LINE#         925
  C:1B93H         LINE#         926
  C:1B93H         LINE#         927
  C:1B93H         LINE#         929
  C:1BC7H         LINE#         930
  C:1BC7H         LINE#         931
  C:1BDAH         LINE#         932
  C:1BDAH         LINE#         933
  C:1C00H         LINE#         934
  C:1C26H         LINE#         935
  C:1C28H         LINE#         936
  C:1C28H         LINE#         937
  C:1C2AH         LINE#         939
  C:1C2AH         LINE#         940
  C:1C50H         LINE#         941
  C:1C5DH         LINE#         942
  C:1C5DH         LINE#         943
  C:1C65H         LINE#         944
  -------         ENDPROC       TSKEY_DATADEAL
  -------         ENDMOD        TS_SEVICE

  -------         MODULE        KEY
  C:0000H         SYMBOL        _ICE_DUMMY_
  D:0080H         PUBLIC        P0
  D:0090H         PUBLIC        P1
  D:00A0H         PUBLIC        P2
  C:3709H         PUBLIC        _TS_GetTogKeyInfor
  D:00B0H         PUBLIC        P3
  X:02F7H         PUBLIC        TK_State
  C:486CH         PUBLIC        TS_KEY_TAB
  X:02F8H         PUBLIC        TS_Key
  X:02FAH         PUBLIC        TS_LongKeyTimer
  C:2373H         PUBLIC        TS_GetKey
  C:494BH         PUBLIC        TSKey_init
  -------         PROC          TSKEY_INIT
  C:494BH         LINE#         68
  C:494BH         LINE#         69
  C:494BH         LINE#         70
  C:4950H         LINE#         71
  C:4954H         LINE#         72
  -------         ENDPROC       TSKEY_INIT
  -------         PROC          _TS_GETTOGKEYINFOR
  X:0313H         SYMBOL        pKeyInfo
  -------         DO            
  X:0316H         SYMBOL        i
  X:0317H         SYMBOL        index
  -------         ENDDO         
  C:3709H         LINE#         73
  C:3714H         LINE#         74
  C:3714H         LINE#         76
  C:3718H         LINE#         77
  C:371CH         LINE#         78
  C:372AH         LINE#         79
BL51 BANKED LINKER/LOCATER V6.22                                                      07/24/2018  11:06:17  PAGE 83


  C:372AH         LINE#         80
  C:3757H         LINE#         81
  C:3757H         LINE#         82
  C:3767H         LINE#         84
  C:376FH         LINE#         85
  C:376FH         LINE#         86
  C:3792H         LINE#         87
  C:3792H         LINE#         88
  C:3792H         LINE#         89
  C:379AH         LINE#         90
  -------         ENDPROC       _TS_GETTOGKEYINFOR
  -------         PROC          TS_GETKEY
  -------         DO            
  X:02F5H         SYMBOL        KeyBak
  B:0021H.5       SYMBOL        LongFlag
  X:0321H         SYMBOL        KeyInfo
  -------         ENDDO         
  C:2373H         LINE#         116
  C:2373H         LINE#         117
  C:2373H         LINE#         121
  C:237AH         LINE#         122
  C:2383H         LINE#         124
  C:238AH         LINE#         125
  C:238AH         LINE#         126
  C:2392H         LINE#         127
  C:2392H         LINE#         128
  C:2395H         LINE#         129
  C:2395H         LINE#         130
  C:23A0H         LINE#         131
  C:23A4H         LINE#         132
  C:23A6H         LINE#         133
  C:23ADH         LINE#         134
  C:23ADH         LINE#         135
  C:23C3H         LINE#         136
  C:23C7H         LINE#         137
  C:23C7H         LINE#         139
  C:23D2H         LINE#         140
  C:23D2H         LINE#         141
  C:23D2H         LINE#         142
  C:23D2H         LINE#         143
  C:23D4H         LINE#         144
  C:23DBH         LINE#         145
  C:23DBH         LINE#         146
  C:23E4H         LINE#         147
  C:23E4H         LINE#         148
  C:23F8H         LINE#         149
  C:23F8H         LINE#         150
  C:2404H         LINE#         151
  C:2404H         LINE#         152
  C:2407H         LINE#         153
  C:2407H         LINE#         154
  C:2409H         LINE#         155
  C:240CH         LINE#         156
  C:240EH         LINE#         158
  C:240EH         LINE#         159
  C:241AH         LINE#         160
  C:241AH         LINE#         161
BL51 BANKED LINKER/LOCATER V6.22                                                      07/24/2018  11:06:17  PAGE 84


  C:241AH         LINE#         162
  C:241AH         LINE#         163
  C:241CH         LINE#         165
  C:241CH         LINE#         166
  C:2420H         LINE#         167
  C:2420H         LINE#         168
  C:2422H         LINE#         169
  C:2424H         LINE#         171
  C:2424H         LINE#         172
  C:242FH         LINE#         173
  C:242FH         LINE#         174
  C:242FH         LINE#         175
  C:242FH         LINE#         176
  C:2431H         LINE#         177
  C:2435H         LINE#         178
  C:2435H         LINE#         179
  C:244EH         LINE#         180
  C:2452H         LINE#         181
  C:2458H         LINE#         182
  C:245AH         LINE#         183
  C:2461H         LINE#         184
  C:2462H         LINE#         185
  C:246AH         LINE#         186
  C:246AH         LINE#         187
  C:2471H         LINE#         188
  C:2471H         LINE#         189
  C:2473H         LINE#         190
  C:2475H         LINE#         192
  C:2475H         LINE#         193
  C:2482H         LINE#         194
  C:2482H         LINE#         195
  C:2482H         LINE#         196
  C:2482H         LINE#         197
  C:2484H         LINE#         198
  C:248EH         LINE#         199
  C:248EH         LINE#         200
  C:2497H         LINE#         201
  C:2497H         LINE#         202
  C:24C1H         LINE#         203
  C:24C1H         LINE#         204
  C:24CBH         LINE#         205
  C:24CBH         LINE#         206
  C:24CEH         LINE#         207
  C:24CEH         LINE#         208
  C:24D0H         LINE#         209
  C:24D8H         LINE#         210
  C:24DAH         LINE#         212
  C:24DAH         LINE#         213
  C:24EBH         LINE#         214
  C:24EBH         LINE#         215
  C:24F4H         LINE#         216
  C:24F4H         LINE#         217
  C:24F4H         LINE#         218
  C:24F5H         LINE#         219
  C:24F8H         LINE#         220
  C:24F8H         LINE#         221
  C:24FFH         LINE#         222
BL51 BANKED LINKER/LOCATER V6.22                                                      07/24/2018  11:06:17  PAGE 85


  C:24FFH         LINE#         223
  C:2501H         LINE#         224
  C:2503H         LINE#         226
  C:2503H         LINE#         227
  C:2510H         LINE#         228
  C:2510H         LINE#         229
  C:2515H         LINE#         230
  C:2515H         LINE#         231
  C:2515H         LINE#         303
  -------         ENDPROC       TS_GETKEY
  -------         ENDMOD        KEY

  -------         MODULE        ?C?COPY
  C:013EH         PUBLIC        ?C?COPY
  -------         ENDMOD        ?C?COPY

  -------         MODULE        ?C?CLDPTR
  C:0164H         PUBLIC        ?C?CLDPTR
  -------         ENDMOD        ?C?CLDPTR

  -------         MODULE        ?C?CILDPTR
  C:017DH         PUBLIC        ?C?CILDPTR
  -------         ENDMOD        ?C?CILDPTR

  -------         MODULE        ?C?CSTPTR
  C:019FH         PUBLIC        ?C?CSTPTR
  -------         ENDMOD        ?C?CSTPTR

  -------         MODULE        ?C?IMUL
  C:01B1H         PUBLIC        ?C?IMUL
  -------         ENDMOD        ?C?IMUL

  -------         MODULE        ?C?UIDIV
  C:01C3H         PUBLIC        ?C?UIDIV
  -------         ENDMOD        ?C?UIDIV

  -------         MODULE        ?C?IILDX
  C:0218H         PUBLIC        ?C?IILDX
  -------         ENDMOD        ?C?IILDX

  -------         MODULE        ?C?ILDIX
  C:022EH         PUBLIC        ?C?ILDIX
  -------         ENDMOD        ?C?ILDIX

  -------         MODULE        ?C?ILDPTR
  C:0244H         PUBLIC        ?C?ILDPTR
  -------         ENDMOD        ?C?ILDPTR

  -------         MODULE        ?C?ILDOPTR
  C:026FH         PUBLIC        ?C?ILDOPTR
  -------         ENDMOD        ?C?ILDOPTR

  -------         MODULE        ?C?ISTPTR
  C:02A7H         PUBLIC        ?C?ISTPTR
  -------         ENDMOD        ?C?ISTPTR

  -------         MODULE        ?C?LMUL
BL51 BANKED LINKER/LOCATER V6.22                                                      07/24/2018  11:06:17  PAGE 86


  C:02C6H         PUBLIC        ?C?LMUL
  -------         ENDMOD        ?C?LMUL

  -------         MODULE        ?C?ULDIV
  C:0351H         PUBLIC        ?C?ULDIV
  -------         ENDMOD        ?C?ULDIV

  -------         MODULE        ?C?LNOT
  C:03E3H         PUBLIC        ?C?LNOT
  -------         ENDMOD        ?C?LNOT

  -------         MODULE        ?C?LLDCODE
  C:03F0H         PUBLIC        ?C?LLDCODE
  -------         ENDMOD        ?C?LLDCODE

  -------         MODULE        ?C?LSTXDATA
  C:0400H         PUBLIC        ?C?LSTXDATA
  -------         ENDMOD        ?C?LSTXDATA

  -------         MODULE        ?C?LSTKXDATA
  C:040CH         PUBLIC        ?C?LSTKXDATA
  -------         ENDMOD        ?C?LSTKXDATA

  -------         MODULE        ?C?OFFXADD
  C:043DH         PUBLIC        ?C?OFFXADD
  -------         ENDMOD        ?C?OFFXADD

  -------         MODULE        ?C?MEMCMP
  C:05CFH         PUBLIC        ?C?MEMCMP
  -------         ENDMOD        ?C?MEMCMP

  -------         MODULE        VSPRINTF
  X:0305H         PUBLIC        ?_VSPRINTF?BYTE
  C:4190H         PUBLIC        _VSPRINTF
  -------         ENDMOD        VSPRINTF

  -------         MODULE        PRINTF
  X:0248H         PUBLIC        ?_PRINTF517?BYTE
  X:0248H         PUBLIC        ?_PRINTF?BYTE
  X:0248H         PUBLIC        ?_SPRINTF517?BYTE
  X:0248H         PUBLIC        ?_SPRINTF?BYTE
  C:14FFH         PUBLIC        _PRINTF
  C:14FFH         PUBLIC        _PRINTF517
  C:14F9H         PUBLIC        _SPRINTF
  C:14F9H         PUBLIC        _SPRINTF517
  -------         ENDMOD        PRINTF

  -------         MODULE        ?C?CLDOPTR
  C:05F3H         PUBLIC        ?C?CLDOPTR
  -------         ENDMOD        ?C?CLDOPTR

  -------         MODULE        ?C?PLDIXDATA
  C:0620H         PUBLIC        ?C?PLDIXDATA
  -------         ENDMOD        ?C?PLDIXDATA

  -------         MODULE        ?C?PSTXDATA
  C:0637H         PUBLIC        ?C?PSTXDATA
BL51 BANKED LINKER/LOCATER V6.22                                                      07/24/2018  11:06:17  PAGE 87


  -------         ENDMOD        ?C?PSTXDATA

  -------         MODULE        ?C?CCASE
  C:0640H         PUBLIC        ?C?CCASE
  -------         ENDMOD        ?C?CCASE

  -------         MODULE        PUTCHAR
  C:4671H         PUBLIC        _PUTCHAR
  -------         ENDMOD        PUTCHAR

*** WARNING L16: UNCALLED SEGMENT, IGNORED FOR OVERLAY PROCESS
    SEGMENT: ?PR?_SET_ALARM_TIME?APP_TASK

*** WARNING L16: UNCALLED SEGMENT, IGNORED FOR OVERLAY PROCESS
    SEGMENT: ?PR?_LEDW_BRIGHTNESS_CTRL_CIRCLE?APP_TASK

*** WARNING L16: UNCALLED SEGMENT, IGNORED FOR OVERLAY PROCESS
    SEGMENT: ?PR?_LED_SEG_DISPLAY?LED_CONTROL

*** WARNING L16: UNCALLED SEGMENT, IGNORED FOR OVERLAY PROCESS
    SEGMENT: ?PR?_PLL_I2C_WRITE_NBYTE?PLL_I2C

*** WARNING L16: UNCALLED SEGMENT, IGNORED FOR OVERLAY PROCESS
    SEGMENT: ?PR?_PLL_I2C_READ_NBYTE?PLL_I2C

*** WARNING L16: UNCALLED SEGMENT, IGNORED FOR OVERLAY PROCESS
    SEGMENT: ?PR?RDA5807_READID?RDA5807

*** WARNING L16: UNCALLED SEGMENT, IGNORED FOR OVERLAY PROCESS
    SEGMENT: ?PR?RDA5807_SEEK_CHANNEL?RDA5807

*** WARNING L16: UNCALLED SEGMENT, IGNORED FOR OVERLAY PROCESS
    SEGMENT: ?PR?SYS_CLK_SET_IRCL?SYSTEM_CLOCK

*** WARNING L16: UNCALLED SEGMENT, IGNORED FOR OVERLAY PROCESS
    SEGMENT: ?PR?_SYS_CLK_SET_PLL?SYSTEM_CLOCK

*** WARNING L16: UNCALLED SEGMENT, IGNORED FOR OVERLAY PROCESS
    SEGMENT: ?PR?SYS_CLK_SET_TFRC?SYSTEM_CLOCK

*** WARNING L16: UNCALLED SEGMENT, IGNORED FOR OVERLAY PROCESS
    SEGMENT: ?PR?_UART_PRINTF?UART

*** WARNING L16: UNCALLED SEGMENT, IGNORED FOR OVERLAY PROCESS
    SEGMENT: ?PR?_PWM_INTERRUPTCFG?PWM

*** WARNING L16: UNCALLED SEGMENT, IGNORED FOR OVERLAY PROCESS
    SEGMENT: ?PR?GETADCVALUE?ADC

*** WARNING L16: UNCALLED SEGMENT, IGNORED FOR OVERLAY PROCESS
    SEGMENT: ?PR?STOPENTER?STOP_IDLE

*** WARNING L16: UNCALLED SEGMENT, IGNORED FOR OVERLAY PROCESS
    SEGMENT: ?PR?CHECKSTOPCONDITION?STOP_IDLE

*** WARNING L16: UNCALLED SEGMENT, IGNORED FOR OVERLAY PROCESS
    SEGMENT: ?PR?IDLEENTER?STOP_IDLE
BL51 BANKED LINKER/LOCATER V6.22                                                      07/24/2018  11:06:17  PAGE 88



*** WARNING L16: UNCALLED SEGMENT, IGNORED FOR OVERLAY PROCESS
    SEGMENT: ?PR?CHECKIDLECONDITION?STOP_IDLE

*** WARNING L16: UNCALLED SEGMENT, IGNORED FOR OVERLAY PROCESS
    SEGMENT: ?PR?_LCD_INIT?LCD_LED

*** WARNING L16: UNCALLED SEGMENT, IGNORED FOR OVERLAY PROCESS
    SEGMENT: ?PR?_LCD_LED_WRITELRAM?LCD_LED

*** WARNING L16: UNCALLED SEGMENT, IGNORED FOR OVERLAY PROCESS
    SEGMENT: ?PR?_LCD_LED_READLRAM?LCD_LED

*** WARNING L16: UNCALLED SEGMENT, IGNORED FOR OVERLAY PROCESS
    SEGMENT: ?PR?_RTC_WRITEWEEK?RTC

*** WARNING L16: UNCALLED SEGMENT, IGNORED FOR OVERLAY PROCESS
    SEGMENT: ?PR?TSKEY_INIT?KEY

*** WARNING L16: UNCALLED SEGMENT, IGNORED FOR OVERLAY PROCESS
    SEGMENT: ?PR?TS_GETKEY?KEY

*** WARNING L15: MULTIPLE CALL TO SEGMENT
    SEGMENT: ?PR?_ALARM_LED_DISPLAY?LED_CONTROL
    CALLER1: ?PR?RTC_ISR?ISR
    CALLER2: ?C_C51STARTUP

*** WARNING L15: MULTIPLE CALL TO SEGMENT
    SEGMENT: ?PR?_FM_FREQ_LED_DISPLAY?LED_CONTROL
    CALLER1: ?PR?RTC_ISR?ISR
    CALLER2: ?C_C51STARTUP

*** WARNING L15: MULTIPLE CALL TO SEGMENT
    SEGMENT: ?PR?_SETTIME_LED_DISPLAY?LED_CONTROL
    CALLER1: ?PR?RTC_ISR?ISR
    CALLER2: ?C_C51STARTUP

*** WARNING L1: UNRESOLVED EXTERNAL SYMBOL
    SYMBOL:  COUNT
    MODULE:  .\Output\isr.obj (ISR)

*** WARNING L1: UNRESOLVED EXTERNAL SYMBOL
    SYMBOL:  RDA_TIME_COUNT
    MODULE:  .\Output\isr.obj (ISR)

*** WARNING L2: REFERENCE MADE TO UNRESOLVED EXTERNAL
    SYMBOL:  RDA_TIME_COUNT
    MODULE:  .\Output\isr.obj (ISR)
    ADDRESS: 26E8H

*** WARNING L2: REFERENCE MADE TO UNRESOLVED EXTERNAL
    SYMBOL:  COUNT
    MODULE:  .\Output\isr.obj (ISR)
    ADDRESS: 2700H

*** WARNING L2: REFERENCE MADE TO UNRESOLVED EXTERNAL
    SYMBOL:  COUNT
BL51 BANKED LINKER/LOCATER V6.22                                                      07/24/2018  11:06:17  PAGE 89


    MODULE:  .\Output\isr.obj (ISR)
    ADDRESS: 2714H

Program Size: data=29.6 xdata=844 code=18819
LINK/LOCATE RUN COMPLETE.  31 WARNING(S),  0 ERROR(S)
