C51 COMPILER V9.52.0.0   PWM                                                               07/24/2018 11:06:14 PAGE 1   


C51 COMPILER V9.52.0.0, COMPILATION OF MODULE PWM
OBJECT MODULE PLACED IN .\Output\pwm.obj
COMPILER INVOKED BY: E:\Keil\C51\BIN\C51.EXE Library\Sources\pwm.c LARGE ROM(COMPACT) BROWSE INCDIR(.\includes;.\User;.\
                    -Library\Includes;.\TS_Lib\Includes) DEBUG OBJECTEXTEND PRINT(.\Lis\pwm.lst) TABS(2) OBJECT(.\Output\pwm.obj)

line level    source

   1          #ifndef _PWM_C_
   2          #define _PWM_C_
   3          
   4          /*********************************************************************************************************
             -************/
   5          #include "ca51f_config.h"
   6          #if (IC_TYPE == IC_TYPE_CA51F2X)
              #include "../../includes/ca51f2sfr.h"
              #include "../../includes/ca51f2xsfr.h"
              #include "../../includes/gpiodef_f2.h"
              #elif (IC_TYPE == IC_TYPE_CA51F3X)
  11          #include "../../includes/ca51f3sfr.h"
  12          #include "../../includes/ca51f3xsfr.h"
  13          #include "../../includes/gpiodef_f3.h"
  14          #endif
  15          #include "../../includes/system.h"
  16          #include "../../Library/includes/uart.h"
  17          #include "../../Library/includes/pwm.h"
  18          #include <intrins.h>
  19          /*********************************************************************************************************
             -************/
  20          /******************************************************************************
  21          函数名：PWM_init
  22          功能描述：PWM功能初始化
  23          输入参数: pwm_ch    PWM通道选择
  24                    AlignMod  对齐模式设置
  25                    cks       PWM时钟源设置（只有PWM0,2,4,6才有此项设置）
  26                    toggle    PWM是否反相输出设置
  27                    Prescal   PWM时钟分频设置
  28                    Comp      PWM互补输出设置（只有PWM1,3,5,7才有此项设置）
  29          返回值： 无         
  30          
  31          ******************************************************************************/
  32          void PWM_init(PWM_Channel_TypeDef pwm_ch,
  33                        PWM_AlignMod_TypeDef AlignMod,
  34                        PWM_CKS_TypeDef cks,
  35                        PWM_Toggle_TypeDef toggle,
  36                        unsigned char Prescal,
  37                        PWM_Complementary_TypeDef Comp)
  38          {
  39   1        INDEX = pwm_ch;
  40   1        if(pwm_ch & 0x01) //PWM1,PWM3,PWM5,PWM7
  41   1        {
  42   2          PWMCON = (PWMCON&0xF0) | MS(AlignMod) | MOD(Comp);
  43   2          PWMCFG = TOG(toggle) | Prescal;   
  44   2        }
  45   1        else              //PWM0,PWM2,PWM4,PWM6
  46   1        {
  47   2          PWMCON = (PWMCON&0xF0) | MS(AlignMod) | CKS(cks);
  48   2          PWMCFG = TOG(toggle) | Prescal;   
  49   2        }
  50   1      }
  51          
  52          /******************************************************************************
C51 COMPILER V9.52.0.0   PWM                                                               07/24/2018 11:06:14 PAGE 2   

  53          函数名：  PWM_CfgDivDuty
  54          功能描述：设置PWM周期和占空比
  55          输入参数: pwm_ch    PWM通道选择
  56                    DIV       PWM周期设置
  57                    DUT       PWM占空比设置
  58          返回值：  无          
  59          ******************************************************************************/
  60          void PWM_CfgDivDuty(PWM_Channel_TypeDef pwm_ch,unsigned int DIV,unsigned int DUT)
  61          {
  62   1        INDEX = pwm_ch;
  63   1        PWMDIVH = (unsigned char)(DIV>>8);
  64   1        PWMDIVL = (unsigned char)(DIV);
  65   1        PWMDUTH = (unsigned char)(DUT>>8);
  66   1        PWMDUTL = (unsigned char)(DUT); 
  67   1      }
  68          
  69          /******************************************************************************
  70          函数名：  PWM_Update
  71          功能描述：PWM寄存器更新
  72          输入参数: PWMCH_Bits  
  73          返回值：  无          
  74          ******************************************************************************/
  75          void PWM_Update(unsigned char PWMCH_Bits)
  76          {
  77   1        PWMUPD = PWMCH_Bits;
  78   1      }
  79          
  80          /******************************************************************************
  81          函数名：  WaitPWMUpdateComplete
  82          功能描述：等待PWM配置值更新到实际寄存器
  83          输入参数: 无  
  84          返回值：  无          
  85          ******************************************************************************/
  86          void WaitPWMUpdateComplete(void)
  87          {
  88   1        while(PWMUPD);
  89   1      }
  90          
  91          /******************************************************************************
  92          函数名：  PWM_EnContrl
  93          功能描述：PWM使能
  94          输入参数: PWMEn_Bits  ，每一位对应PWM的一个通道
  95          返回值：  无          
  96          ******************************************************************************/
  97          void PWM_EnContrl(unsigned char PWMEn_Bits)
  98          {
  99   1        PWMEN = PWMEn_Bits;
 100   1      }
 101          
 102          
 103          /******************************************************************************
 104          函数名：  PWM_InterruptCfg
 105          功能描述：设置PWM周期和占空比
 106          输入参数: pwm_ch    PWM通道选择
 107                    tie       PWM顶点中断设置
 108                    zie       PWM零点中断设置
 109                    pie       PWM上升沿中断
 110                    nie       PWM下升沿中断
 111                    pwmcmax   寄存器PWMCMAX设置值，表示多少个PWM周期产生一次PWM中断
 112          返回值：  无          
 113          ******************************************************************************/
 114          void PWM_InterruptCfg(PWM_Channel_TypeDef pwm_ch,
C51 COMPILER V9.52.0.0   PWM                                                               07/24/2018 11:06:14 PAGE 3   

 115                                PWM_TIE_TypeDef tie,
 116                                PWM_ZIE_TypeDef zie,
 117                                PWM_PIE_TypeDef pie,
 118                                PWM_NIE_TypeDef nie,
 119                                unsigned char pwmcmax
 120                                )
 121          {
 122   1        INDEX = pwm_ch;
 123   1        PWMCON = (PWMCON&0x0F) | TIE(tie) | ZIE(zie) | PIE(pie) | NIE(nie);
 124   1        PWMCMAX = pwmcmax;
 125   1      }
 126          
 127          #endif


MODULE INFORMATION:   STATIC OVERLAYABLE
   CODE SIZE        =    139    ----
   CONSTANT SIZE    =   ----    ----
   XDATA SIZE       =   ----      12
   PDATA SIZE       =   ----    ----
   DATA SIZE        =   ----    ----
   IDATA SIZE       =   ----    ----
   BIT SIZE         =   ----    ----
END OF MODULE INFORMATION.


C51 COMPILATION COMPLETE.  0 WARNING(S),  0 ERROR(S)
