C51 COMPILER V9.51   POWERSAVING                                                           06/29/2017 18:04:28 PAGE 1   


C51 COMPILER V9.51, COMPILATION OF MODULE POWERSAVING
OBJECT MODULE PLACED IN .\hex\PowerSaving.obj
COMPILER INVOKED BY: C:\Keil\C51\BIN\C51.EXE PowerSaving.c ROM(COMPACT) BROWSE DEBUG OBJECTEXTEND PRINT(.\lst\PowerSavin
                    -g.lst) TABS(2) OBJECT(.\hex\PowerSaving.obj)

line level    source

   1          #ifndef _WATCH_DOG_C_
   2          #define _WATCH_DOG_C_
   3          
   4          /*********************************************************************************************************
             -************/
   5          #include "ca51f_config.h"
   6          #if (IC_TYPE == IC_TYPE_CA51F2X)
   7          #include "../../includes/ca51f2sfr.h"
   8          #include "../../includes/ca51f2xsfr.h"
   9          #include "../../includes/gpiodef_f2.h"
  10          #elif (IC_TYPE == IC_TYPE_CA51F3X)
              #include "../../includes/ca51f3sfr.h"
              #include "../../includes/ca51f3xsfr.h"
              #include "../../includes/gpiodef_f3.h"
              #endif
  15          #include "../../includes/system.h"
  16          #include "../../Library/includes/uart.h"
  17          #include "../../Library/includes/delay.h"
  18          #include "../../Library/includes/system_clock.h"
  19          #include "../../Library/includes/wdt.h"
  20          #include "watch_dog.h"
*** WARNING C318 IN LINE 20 OF PowerSaving.c: can't open file 'watch_dog.h'
  21          #include <intrins.h>
  22          /*********************************************************************************************************
             -************/
  23          #if (WDT_MODE == WDT_INTERRUPT)
  24          bit WdtIntEvFlag;
  25          void WDT_ISR (void) interrupt 12 
  26          {
  27   1        static unsigned char i;
  28   1        if(WDFLG & WDIF)
  29   1        {
  30   2          WDT_FeedDog();
  31   2          WdtIntEvFlag = 1;
  32   2        } 
  33   1      }
*** WARNING C280 IN LINE 27 OF PowerSaving.c: 'i': unreferenced local variable
  34          #endif                        
  35          void WatchDog_MainLoop(void)
  36          {
  37   1      #if (WDT_MODE == WDT_RESET) 
              #ifdef PRINT_EN 
                if(WDFLG & WDRF)
                {
                  uart_printf("Watch dog reset event happen!\n"); 
                }
              #endif  
              #endif  
  45   1      
  46   1      #if (WDT_MODE == WDT_INTERRUPT) 
  47   1        #if (WDT_CLK_SOURCE == IRCH)
                  WDT_init(WDTS_IRCH,WDRE_int,0x708);
                #elif (WDT_CLK_SOURCE == XOSCL)
                  CKCON |= XLCKE;
C51 COMPILER V9.51   POWERSAVING                                                           06/29/2017 18:04:28 PAGE 2   

                  while(!(CKCON & XLSTA));
                  WDT_init(WDTS_XOSCL,WDRE_int,0x0F);
                #elif (WDT_CLK_SOURCE == IRCL)
  54   1          CKCON |= ILCKE;
  55   1          WDT_init(WDTS_IRCL,WDRE_int,0x0F);
  56   1        #endif
  57   1        
  58   1        INT7EN = 1; 
  59   1      #elif (WDT_MODE == WDT_RESET) 
                #if (WDT_CLK_SOURCE == IRCH)
                  WDT_init(WDTS_IRCH,WDRE_reset,0x708);
                #elif (WDT_CLK_SOURCE == XOSCL)
                  CKCON |= XLCKE;
                  while(!(CKCON & XLSTA));
                  WDT_init(WDTS_XOSCL,WDRE_reset,0x0F);
                #elif (WDT_CLK_SOURCE == IRCL)
                  CKCON |= ILCKE;
                  WDT_init(WDTS_IRCL,WDRE_reset,0x0F);
                #endif  
              #endif
  71   1        WDT_FeedDog();
  72   1      
  73   1        while(1)
  74   1        {
  75   2      //    WDT_FeedDog();
  76   2      #if (WDT_MODE == WDT_INTERRUPT) 
  77   2          if(WdtIntEvFlag)
  78   2          {
  79   3            WdtIntEvFlag = 0;
  80   3            uart_printf("Watch dog interrupt event happen!\n"); 
  81   3          }
  82   2      #endif
  83   2        }
  84   1      }
  85          #endif


MODULE INFORMATION:   STATIC OVERLAYABLE
   CODE SIZE        =    105    ----
   CONSTANT SIZE    =     35    ----
   XDATA SIZE       =   ----    ----
   PDATA SIZE       =   ----    ----
   DATA SIZE        =      1    ----
   IDATA SIZE       =   ----    ----
   BIT SIZE         =      1    ----
END OF MODULE INFORMATION.


C51 COMPILATION COMPLETE.  2 WARNING(S),  0 ERROR(S)
