C51 COMPILER V9.51   STOP_IDLE                                                             07/06/2017 20:01:47 PAGE 1   


C51 COMPILER V9.51, COMPILATION OF MODULE STOP_IDLE
OBJECT MODULE PLACED IN .\hex\stop_idle.obj
COMPILER INVOKED BY: C:\Keil\C51\BIN\C51.EXE ..\..\Library\Sources\stop_idle.c ROM(COMPACT) BROWSE DEBUG OBJECTEXTEND PR
                    -INT(.\lst\stop_idle.lst) TABS(2) OBJECT(.\hex\stop_idle.obj)

line level    source

   1          #ifndef _STOP_IDLE_C_
   2          #define _STOP_IDLE_C_
   3          /*********************************************************************************************************
             -************/
   4          #include "ca51f_config.h"
   5          #if (IC_TYPE == IC_TYPE_CA51F2X)
   6          #include "../../includes/ca51f2sfr.h"
   7          #include "../../includes/ca51f2xsfr.h"
   8          #include "../../includes/gpiodef_f2.h"
   9          #elif (IC_TYPE == IC_TYPE_CA51F3X)
              #include "../../includes/ca51f3sfr.h"
              #include "../../includes/ca51f3xsfr.h"
              #include "../../includes/gpiodef_f3.h"
              #endif
  14          #include "../../includes/system.h"
  15          #include "../../Library/includes/stop_idle.h"
  16          #include <intrins.h>
  17          /*********************************************************************************************************
             -************/
  18          /******************************************************************************************
  19          函数名：StopEnter
  20          功能说明：进入STOP模式
  21          输入参数：无
  22          返回值：  无
  23          ******************************************************************************************/
  24          void StopEnter(void)
  25          {
  26   1        PCON |= STOP;
  27   1        _nop_();
  28   1        _nop_();
  29   1      }
  30          
  31          /******************************************************************************************
  32          函数名：CheckStopCondition
  33          功能说明：检查进入STOP模式的条件（注：如果STPSTH、STPSTL不为0，即使执行STOP指令，芯片也不会进入STOP）
  34          输入参数：无
  35          返回值：  0：不能进入STOP； 1： 可以进入STOP
  36          ******************************************************************************************/
  37          unsigned char CheckStopCondition(void)
  38          {
  39   1        if(STPSTH || STPSTL) return 0;
  40   1        else return 1;
  41   1      }
  42          
  43          /******************************************************************************************
  44          函数名：  IdleEnter
  45          功能说明：进入IDLE模式
  46          输入参数：无
  47          返回值：  无
  48          ******************************************************************************************/
  49          void IdleEnter(void)
  50          {
  51   1        PCON |= IDLE;
  52   1        _nop_();
C51 COMPILER V9.51   STOP_IDLE                                                             07/06/2017 20:01:47 PAGE 2   

  53   1        _nop_();
  54   1      }
  55          
  56          /******************************************************************************************
  57          函数名：CheckIdleCondition
  58          功能说明：检查进入IDLE模式的条件（注：如果IDLSTH、IDLSTL不为0，即使执行IDLE指令，芯片也不会进入IDLE）
  59          输入参数：无
  60          返回值：  0：不能进入IDLE； 1： 可以进入IDLE
  61          ******************************************************************************************/
  62          unsigned char CheckIdleCondition(void)
  63          {
  64   1        if(IDLSTH || IDLSTL) return 0;
  65   1        else return 1;
  66   1      }
  67          /*********************************************************************************************************
             -************/
  68          #endif


MODULE INFORMATION:   STATIC OVERLAYABLE
   CODE SIZE        =     40    ----
   CONSTANT SIZE    =   ----    ----
   XDATA SIZE       =   ----    ----
   PDATA SIZE       =   ----    ----
   DATA SIZE        =   ----    ----
   IDATA SIZE       =   ----    ----
   BIT SIZE         =   ----    ----
END OF MODULE INFORMATION.


C51 COMPILATION COMPLETE.  0 WARNING(S),  0 ERROR(S)
